if[1:1] => 'if'
identifier[1:4] => 'argc'
equalequal[1:9] => '=='
integerlit[1:12] => '1'
then[1:14] => 'then'
identifier[2:5] => 'stderr'
openparen[2:11] => '('
stringlit[2:12] => 'USAGE: '
closeparen[2:21] => ')'
identifier[2:23] => 'stderr'
openparen[2:29] => '('
identifier[2:30] => 'argv'
openbracket[2:34] => '['
integerlit[2:35] => '0'
closebracket[2:36] => ']'
closeparen[2:37] => ')'
identifier[2:39] => 'stderr'
openparen[2:45] => '('
stringlit[2:46] => ' <age>\n'
closeparen[2:56] => ')'
identifier[3:5] => 'exit'
openparen[3:9] => '('
integerlit[3:10] => '1'
closeparen[3:11] => ')'
end[4:1] => 'end'
identifier[6:1] => 'age'
colon[6:4] => ':'
int[6:6] => 'Int'
equal[6:10] => '='
identifier[6:12] => 'atoi'
openparen[6:16] => '('
identifier[6:17] => 'argv'
openbracket[6:21] => '['
integerlit[6:22] => '1'
closebracket[6:23] => ']'
closeparen[6:24] => ')'
identifier[7:1] => 'stdout'
openparen[7:7] => '('
stringlit[7:8] => 'age '
closeparen[7:14] => ')'
if[9:1] => 'if'
identifier[9:4] => 'age'
less[9:8] => '<'
integerlit[9:10] => '18'
then[9:13] => 'then'
identifier[10:5] => 'stdout'
openparen[10:11] => '('
stringlit[10:12] => 'under 18'
closeparen[10:22] => ')'
elif[11:1] => 'elif'
identifier[11:6] => 'age'
less[11:10] => '<'
integerlit[11:12] => '30'
then[11:15] => 'then'
identifier[12:5] => 'stdout'
openparen[12:11] => '('
stringlit[12:12] => 'between 18 and 30'
closeparen[12:31] => ')'
elif[13:1] => 'elif'
identifier[13:6] => 'age'
less[13:10] => '<'
integerlit[13:12] => '50'
then[13:15] => 'then'
identifier[14:5] => 'stdout'
openparen[14:11] => '('
stringlit[14:12] => 'between 30 and 50'
closeparen[14:31] => ')'
elif[15:1] => 'elif'
identifier[15:6] => 'age'
less[15:10] => '<'
integerlit[15:12] => '80'
then[15:15] => 'then'
identifier[16:5] => 'stdout'
openparen[16:11] => '('
stringlit[16:12] => 'between 50 and 80'
closeparen[16:31] => ')'
else[17:1] => 'else'
identifier[18:5] => 'stdout'
openparen[18:11] => '('
stringlit[18:12] => 'over 80'
closeparen[18:21] => ')'
end[19:1] => 'end'
identifier[21:1] => 'stdout'
openparen[21:7] => '('
stringlit[21:8] => '\n'
closeparen[21:12] => ')'
eof[22:1] => 'EOF'