identifier[1:1] => 'stdout'
openparen[1:7] => '('
stringlit[1:8] => 'Program Name: '
closeparen[1:24] => ')'
identifier[1:26] => 'stdout'
openparen[1:32] => '('
identifier[1:33] => 'argv'
openbracket[1:37] => '['
integerlit[1:38] => '0'
closebracket[1:39] => ']'
closeparen[1:40] => ')'
identifier[1:42] => 'stdout'
openparen[1:48] => '('
stringlit[1:49] => '\n'
closeparen[1:53] => ')'
if[3:1] => 'if'
identifier[3:4] => 'argc'
greaterequal[3:9] => '>='
integerlit[3:12] => '2'
then[3:14] => 'then'
identifier[4:5] => 'stdout'
openparen[4:11] => '('
stringlit[4:12] => 'Argv[1]: '
closeparen[4:23] => ')'
identifier[4:25] => 'stdout'
openparen[4:31] => '('
identifier[4:32] => 'argv'
openbracket[4:36] => '['
integerlit[4:37] => '1'
closebracket[4:38] => ']'
closeparen[4:39] => ')'
identifier[4:41] => 'stdout'
openparen[4:47] => '('
stringlit[4:48] => '\n'
closeparen[4:52] => ')'
end[5:1] => 'end'
if[7:1] => 'if'
identifier[7:4] => 'argc'
greaterequal[7:9] => '>='
integerlit[7:12] => '3'
then[7:14] => 'then'
identifier[8:5] => 'stdout'
openparen[8:11] => '('
stringlit[8:12] => 'Argv[2]: '
closeparen[8:23] => ')'
identifier[8:25] => 'stdout'
openparen[8:31] => '('
identifier[8:32] => 'argv'
openbracket[8:36] => '['
integerlit[8:37] => '2'
closebracket[8:38] => ']'
closeparen[8:39] => ')'
identifier[8:41] => 'stdout'
openparen[8:47] => '('
stringlit[8:48] => '\n'
closeparen[8:52] => ')'
end[9:1] => 'end'
if[11:1] => 'if'
identifier[11:4] => 'argc'
greaterequal[11:9] => '>='
integerlit[11:12] => '4'
then[11:14] => 'then'
identifier[12:5] => 'stdout'
openparen[12:11] => '('
stringlit[12:12] => 'Argv[3]: '
closeparen[12:23] => ')'
identifier[12:25] => 'stdout'
openparen[12:31] => '('
identifier[12:32] => 'argv'
openbracket[12:36] => '['
integerlit[12:37] => '3'
closebracket[12:38] => ']'
closeparen[12:39] => ')'
identifier[12:41] => 'stdout'
openparen[12:47] => '('
stringlit[12:48] => '\n'
closeparen[12:52] => ')'
end[13:1] => 'end'
if[15:1] => 'if'
identifier[15:4] => 'argc'
greaterequal[15:9] => '>='
integerlit[15:12] => '5'
then[15:14] => 'then'
identifier[16:5] => 'stdout'
openparen[16:11] => '('
stringlit[16:12] => 'And '
closeparen[16:18] => ')'
identifier[16:20] => 'stdout'
openparen[16:26] => '('
identifier[16:27] => 'itoa'
openparen[16:31] => '('
identifier[16:32] => 'argc'
minus[16:37] => '-'
integerlit[16:39] => '4'
closeparen[16:40] => ')'
closeparen[16:41] => ')'
identifier[16:43] => 'stdout'
openparen[16:49] => '('
stringlit[16:50] => ' more...\n'
closeparen[16:62] => ')'
end[17:1] => 'end'
eof[18:1] => 'EOF'