identifier[1:1] => 'stdout'
openparen[1:7] => '('
identifier[1:8] => 'itoa'
openparen[1:12] => '('
integerlit[1:13] => '13'
plus[1:16] => '+'
integerlit[1:18] => '3'
closeparen[1:19] => ')'
closeparen[1:20] => ')'
identifier[1:22] => 'stdout'
openparen[1:28] => '('
stringlit[1:29] => '\n'
closeparen[1:33] => ')'
identifier[2:1] => 'stdout'
openparen[2:7] => '('
identifier[2:8] => 'itoa'
openparen[2:12] => '('
integerlit[2:13] => '13'
minus[2:16] => '-'
integerlit[2:18] => '3'
closeparen[2:19] => ')'
closeparen[2:20] => ')'
identifier[2:22] => 'stdout'
openparen[2:28] => '('
stringlit[2:29] => '\n'
closeparen[2:33] => ')'
identifier[3:1] => 'stdout'
openparen[3:7] => '('
identifier[3:8] => 'itoa'
openparen[3:12] => '('
integerlit[3:13] => '13'
star[3:16] => '*'
integerlit[3:18] => '3'
closeparen[3:19] => ')'
closeparen[3:20] => ')'
identifier[3:22] => 'stdout'
openparen[3:28] => '('
stringlit[3:29] => '\n'
closeparen[3:33] => ')'
identifier[4:1] => 'stdout'
openparen[4:7] => '('
identifier[4:8] => 'itoa'
openparen[4:12] => '('
integerlit[4:13] => '13'
slash[4:16] => '/'
integerlit[4:18] => '3'
closeparen[4:19] => ')'
closeparen[4:20] => ')'
identifier[4:22] => 'stdout'
openparen[4:28] => '('
stringlit[4:29] => '\n'
closeparen[4:33] => ')'
identifier[5:1] => 'stdout'
openparen[5:7] => '('
identifier[5:8] => 'itoa'
openparen[5:12] => '('
integerlit[5:13] => '13'
percent[5:16] => '%'
integerlit[5:18] => '3'
closeparen[5:19] => ')'
closeparen[5:20] => ')'
identifier[5:22] => 'stdout'
openparen[5:28] => '('
stringlit[5:29] => '\n'
closeparen[5:33] => ')'
identifier[6:1] => 'stdout'
openparen[6:7] => '('
identifier[6:8] => 'itoa'
openparen[6:12] => '('
integerlit[6:13] => '10'
plus[6:16] => '+'
integerlit[6:18] => '2'
star[6:20] => '*'
integerlit[6:22] => '4'
minus[6:24] => '-'
integerlit[6:26] => '12'
closeparen[6:28] => ')'
closeparen[6:29] => ')'
identifier[6:31] => 'stdout'
openparen[6:37] => '('
stringlit[6:38] => '\n'
closeparen[6:42] => ')'
identifier[7:1] => 'stdout'
openparen[7:7] => '('
identifier[7:8] => 'itoa'
openparen[7:12] => '('
openparen[7:13] => '('
integerlit[7:14] => '10'
plus[7:17] => '+'
integerlit[7:19] => '2'
closeparen[7:20] => ')'
star[7:22] => '*'
integerlit[7:24] => '4'
minus[7:26] => '-'
integerlit[7:28] => '12'
closeparen[7:30] => ')'
closeparen[7:31] => ')'
identifier[7:33] => 'stdout'
openparen[7:39] => '('
stringlit[7:40] => '\n'
closeparen[7:44] => ')'
eof[8:1] => 'EOF'