identifier[1:1] => 'int_arr'
colon[1:8] => ':'
int[1:10] => 'Int'
openbracket[1:13] => '['
integerlit[1:14] => '5'
closebracket[1:15] => ']'
equal[1:17] => '='
openbracket[1:19] => '['
integerlit[1:20] => '1'
comma[1:21] => ','
integerlit[1:23] => '2'
comma[1:24] => ','
integerlit[1:26] => '3'
comma[1:27] => ','
integerlit[1:29] => '4'
comma[1:30] => ','
integerlit[1:32] => '5'
closebracket[1:33] => ']'
identifier[2:1] => 'bool_arr'
colon[2:9] => ':'
bool[2:11] => 'Bool'
openbracket[2:15] => '['
integerlit[2:16] => '2'
closebracket[2:17] => ']'
equal[2:19] => '='
openbracket[2:21] => '['
booltrue[2:22] => 'true'
comma[2:26] => ','
boolfalse[2:28] => 'false'
closebracket[2:33] => ']'
identifier[3:1] => 'str_arr'
colon[3:8] => ':'
string[3:10] => 'String'
openbracket[3:16] => '['
integerlit[3:17] => '4'
closebracket[3:18] => ']'
equal[3:20] => '='
openbracket[3:22] => '['
stringlit[3:23] => 'Hello'
comma[3:30] => ','
stringlit[3:32] => 'World'
comma[3:39] => ','
stringlit[3:41] => 'Foo'
comma[3:46] => ','
stringlit[3:48] => 'Bar'
closebracket[3:53] => ']'
identifier[5:1] => 'stdout'
openparen[5:7] => '('
identifier[5:8] => 'itoa'
openparen[5:12] => '('
identifier[5:13] => 'int_arr'
openbracket[5:20] => '['
integerlit[5:21] => '4'
closebracket[5:22] => ']'
closeparen[5:23] => ')'
closeparen[5:24] => ')'
identifier[5:26] => 'stdout'
openparen[5:32] => '('
stringlit[5:33] => '\n'
closeparen[5:37] => ')'
identifier[6:1] => 'stdout'
openparen[6:7] => '('
identifier[6:8] => 'btoa'
openparen[6:12] => '('
identifier[6:13] => 'bool_arr'
openbracket[6:21] => '['
integerlit[6:22] => '0'
closebracket[6:23] => ']'
closeparen[6:24] => ')'
closeparen[6:25] => ')'
identifier[6:27] => 'stdout'
openparen[6:33] => '('
stringlit[6:34] => '\n'
closeparen[6:38] => ')'
identifier[7:1] => 'stdout'
openparen[7:7] => '('
identifier[7:8] => 'str_arr'
openbracket[7:15] => '['
integerlit[7:16] => '2'
closebracket[7:17] => ']'
closeparen[7:18] => ')'
identifier[7:20] => 'stdout'
openparen[7:26] => '('
stringlit[7:27] => '\n'
closeparen[7:31] => ')'
eof[8:1] => 'EOF'