identifier[1:1] => 'arr'
colon[1:4] => ':'
int[1:6] => 'Int'
openbracket[1:9] => '['
integerlit[1:10] => '4'
closebracket[1:11] => ']'
equal[1:13] => '='
openbracket[1:15] => '['
integerlit[1:16] => '1'
comma[1:17] => ','
integerlit[1:19] => '2'
comma[1:20] => ','
integerlit[1:22] => '3'
comma[1:23] => ','
integerlit[1:25] => '4'
closebracket[1:26] => ']'
for[3:1] => 'for'
identifier[3:5] => 'i'
in[3:7] => 'in'
integerlit[3:10] => '0'
dot[3:11] => '.'
dot[3:12] => '.'
integerlit[3:13] => '4'
do[3:15] => 'do'
identifier[4:5] => 'stdout'
openparen[4:11] => '('
identifier[4:12] => 'itoa'
openparen[4:16] => '('
identifier[4:17] => 'arr'
openbracket[4:20] => '['
identifier[4:21] => 'i'
closebracket[4:22] => ']'
closeparen[4:23] => ')'
closeparen[4:24] => ')'
identifier[4:26] => 'stdout'
openparen[4:32] => '('
stringlit[4:33] => ' '
closeparen[4:36] => ')'
end[5:1] => 'end'
identifier[7:1] => 'result'
colon[7:7] => ':'
int[7:9] => 'Int'
equal[7:13] => '='
integerlit[7:15] => '0'
for[8:1] => 'for'
identifier[8:5] => 'i'
in[8:7] => 'in'
integerlit[8:10] => '0'
dot[8:11] => '.'
dot[8:12] => '.'
integerlit[8:13] => '4'
do[8:15] => 'do'
identifier[9:5] => 'result'
equal[9:12] => '='
identifier[9:14] => 'result'
plus[9:21] => '+'
identifier[9:23] => 'arr'
openbracket[9:26] => '['
identifier[9:27] => 'i'
closebracket[9:28] => ']'
end[10:1] => 'end'
identifier[11:1] => 'stdout'
openparen[11:7] => '('
identifier[11:8] => 'itoa'
openparen[11:12] => '('
identifier[11:13] => 'result'
closeparen[11:19] => ')'
closeparen[11:20] => ')'
identifier[11:22] => 'stdout'
openparen[11:28] => '('
stringlit[11:29] => '\n'
closeparen[11:33] => ')'
eof[12:1] => 'EOF'