Token(ttype=<TokenType.Identifier: 'identifier'>, value='x', position=Position(path=PosixPath('tests/cases/assign_exit.bbf'), line=1, column=1))
Token(ttype=<TokenType.Equal: 'equal'>, value='=', position=Position(path=PosixPath('tests/cases/assign_exit.bbf'), line=1, column=3))
Token(ttype=<TokenType.Integer: 'integer'>, value='123', position=Position(path=PosixPath('tests/cases/assign_exit.bbf'), line=1, column=5))
Token(ttype=<TokenType.Exit: 'exit'>, value='exit', position=Position(path=PosixPath('tests/cases/assign_exit.bbf'), line=2, column=1))
Token(ttype=<TokenType.OpenParen: 'openparen'>, value='(', position=Position(path=PosixPath('tests/cases/assign_exit.bbf'), line=2, column=5))
Token(ttype=<TokenType.Identifier: 'identifier'>, value='x', position=Position(path=PosixPath('tests/cases/assign_exit.bbf'), line=2, column=6))
Token(ttype=<TokenType.CloseParen: 'closeparen'>, value=')', position=Position(path=PosixPath('tests/cases/assign_exit.bbf'), line=2, column=7))
Token(ttype=<TokenType.EOF: 'eof'>, value='EOF', position=Position(path=PosixPath('tests/cases/assign_exit.bbf'), line=3, column=1))