fn[1:1] => 'fn'
identifier[1:4] => 'tru'
openparen[1:7] => '('
closeparen[1:8] => ')'
minus[1:10] => '-'
greater[1:11] => '>'
bool[1:13] => 'Bool'
do[1:18] => 'do'
identifier[1:21] => 'stdout'
openparen[1:27] => '('
stringlit[1:28] => 'TRUE\n'
closeparen[1:36] => ')'
return[1:38] => 'return'
booltrue[1:45] => 'true'
end[1:50] => 'end'
fn[2:1] => 'fn'
identifier[2:4] => 'fals'
openparen[2:8] => '('
closeparen[2:9] => ')'
minus[2:11] => '-'
greater[2:12] => '>'
bool[2:14] => 'Bool'
do[2:19] => 'do'
identifier[2:22] => 'stdout'
openparen[2:28] => '('
stringlit[2:29] => 'FALSE\n'
closeparen[2:38] => ')'
return[2:40] => 'return'
boolfalse[2:47] => 'false'
end[2:53] => 'end'
identifier[4:1] => 'tru'
openparen[4:4] => '('
closeparen[4:5] => ')'
or[4:7] => 'or'
identifier[4:10] => 'fals'
openparen[4:14] => '('
closeparen[4:15] => ')'
or[4:17] => 'or'
identifier[4:20] => 'fals'
openparen[4:24] => '('
closeparen[4:25] => ')'
or[4:27] => 'or'
identifier[4:30] => 'tru'
openparen[4:33] => '('
closeparen[4:34] => ')'
identifier[5:1] => 'stdout'
openparen[5:7] => '('
stringlit[5:8] => '=====================\n'
closeparen[5:33] => ')'
identifier[6:1] => 'fals'
openparen[6:5] => '('
closeparen[6:6] => ')'
or[6:8] => 'or'
identifier[6:11] => 'fals'
openparen[6:15] => '('
closeparen[6:16] => ')'
or[6:18] => 'or'
identifier[6:21] => 'tru'
openparen[6:24] => '('
closeparen[6:25] => ')'
identifier[7:1] => 'stdout'
openparen[7:7] => '('
stringlit[7:8] => '=====================\n'
closeparen[7:33] => ')'
openparen[8:1] => '('
identifier[8:2] => 'fals'
openparen[8:6] => '('
closeparen[8:7] => ')'
or[8:9] => 'or'
identifier[8:12] => 'fals'
openparen[8:16] => '('
closeparen[8:17] => ')'
or[8:19] => 'or'
identifier[8:22] => 'tru'
openparen[8:25] => '('
closeparen[8:26] => ')'
and[8:28] => 'and'
identifier[8:32] => 'tru'
openparen[8:35] => '('
closeparen[8:36] => ')'
closeparen[8:37] => ')'
and[8:39] => 'and'
openparen[8:43] => '('
identifier[8:44] => 'fals'
openparen[8:48] => '('
closeparen[8:49] => ')'
or[8:51] => 'or'
identifier[8:54] => 'fals'
openparen[8:58] => '('
closeparen[8:59] => ')'
and[8:61] => 'and'
identifier[8:65] => 'tru'
openparen[8:68] => '('
closeparen[8:69] => ')'
closeparen[8:70] => ')'
identifier[9:1] => 'stdout'
openparen[9:7] => '('
stringlit[9:8] => '=====================\n'
closeparen[9:33] => ')'
not[10:1] => 'not'
identifier[10:5] => 'tru'
openparen[10:8] => '('
closeparen[10:9] => ')'
or[10:11] => 'or'
identifier[10:14] => 'fals'
openparen[10:18] => '('
closeparen[10:19] => ')'
identifier[11:1] => 'stdout'
openparen[11:7] => '('
stringlit[11:8] => '=====================\n'
closeparen[11:33] => ')'
not[12:1] => 'not'
identifier[12:5] => 'fals'
openparen[12:9] => '('
closeparen[12:10] => ')'
or[12:12] => 'or'
identifier[12:15] => 'tru'
openparen[12:18] => '('
closeparen[12:19] => ')'
identifier[13:1] => 'stdout'
openparen[13:7] => '('
stringlit[13:8] => '=====================\n'
closeparen[13:33] => ')'
identifier[14:1] => 'tru'
openparen[14:4] => '('
closeparen[14:5] => ')'
or[14:7] => 'or'
identifier[14:10] => 'fals'
openparen[14:14] => '('
closeparen[14:15] => ')'
and[14:17] => 'and'
identifier[14:21] => 'tru'
openparen[14:24] => '('
closeparen[14:25] => ')'
or[14:27] => 'or'
identifier[14:30] => 'fals'
openparen[14:34] => '('
closeparen[14:35] => ')'
and[14:37] => 'and'
identifier[14:41] => 'tru'
openparen[14:44] => '('
closeparen[14:45] => ')'
or[14:47] => 'or'
identifier[14:50] => 'tru'
openparen[14:53] => '('
closeparen[14:54] => ')'
eof[15:1] => 'EOF'