fn[1:1] => 'fn'
identifier[1:4] => 'print_array'
openparen[1:15] => '('
identifier[1:16] => 'arr'
colon[1:19] => ':'
int[1:21] => 'Int'
openbracket[1:24] => '['
integerlit[1:25] => '4'
closebracket[1:26] => ']'
closeparen[1:27] => ')'
do[1:29] => 'do'
identifier[2:5] => 'stdout'
openparen[2:11] => '('
stringlit[2:12] => '['
closeparen[2:15] => ')'
for[3:5] => 'for'
identifier[3:9] => 'i'
in[3:11] => 'in'
integerlit[3:14] => '0'
dot[3:15] => '.'
dot[3:16] => '.'
integerlit[3:17] => '4'
do[3:19] => 'do'
if[4:9] => 'if'
identifier[4:12] => 'i'
bangequal[4:14] => '!='
integerlit[4:16] => '0'
then[4:18] => 'then'
identifier[4:23] => 'stdout'
openparen[4:29] => '('
stringlit[4:30] => ' '
closeparen[4:33] => ')'
end[4:35] => 'end'
identifier[5:9] => 'stdout'
openparen[5:15] => '('
identifier[5:16] => 'itoa'
openparen[5:20] => '('
identifier[5:21] => 'arr'
openbracket[5:24] => '['
identifier[5:25] => 'i'
closebracket[5:26] => ']'
closeparen[5:27] => ')'
closeparen[5:28] => ')'
end[6:5] => 'end'
identifier[7:5] => 'stdout'
openparen[7:11] => '('
stringlit[7:12] => ']'
closeparen[7:15] => ')'
identifier[7:17] => 'stdout'
openparen[7:23] => '('
stringlit[7:24] => '\n'
closeparen[7:28] => ')'
end[8:1] => 'end'
fn[10:1] => 'fn'
identifier[10:4] => 'sum'
openparen[10:7] => '('
identifier[10:8] => 'arr'
colon[10:11] => ':'
int[10:13] => 'Int'
openbracket[10:16] => '['
integerlit[10:17] => '4'
closebracket[10:18] => ']'
closeparen[10:19] => ')'
minus[10:21] => '-'
greater[10:22] => '>'
int[10:24] => 'Int'
do[10:28] => 'do'
identifier[11:5] => 'result'
colon[11:11] => ':'
int[11:13] => 'Int'
equal[11:17] => '='
integerlit[11:19] => '0'
for[12:5] => 'for'
identifier[12:9] => 'i'
in[12:11] => 'in'
integerlit[12:14] => '0'
dot[12:15] => '.'
dot[12:16] => '.'
integerlit[12:17] => '4'
do[12:19] => 'do'
identifier[13:9] => 'result'
equal[13:16] => '='
identifier[13:18] => 'result'
plus[13:25] => '+'
identifier[13:27] => 'arr'
openbracket[13:30] => '['
identifier[13:31] => 'i'
closebracket[13:32] => ']'
end[14:5] => 'end'
return[15:5] => 'return'
identifier[15:12] => 'result'
end[16:1] => 'end'
fn[18:1] => 'fn'
identifier[18:4] => 'contains'
openparen[18:12] => '('
identifier[18:13] => 'arr'
colon[18:16] => ':'
int[18:18] => 'Int'
openbracket[18:21] => '['
integerlit[18:22] => '4'
closebracket[18:23] => ']'
comma[18:24] => ','
identifier[18:26] => 'target'
colon[18:32] => ':'
int[18:34] => 'Int'
closeparen[18:37] => ')'
minus[18:39] => '-'
greater[18:40] => '>'
bool[18:42] => 'Bool'
do[18:47] => 'do'
for[19:5] => 'for'
identifier[19:9] => 'i'
in[19:11] => 'in'
integerlit[19:14] => '0'
dot[19:15] => '.'
dot[19:16] => '.'
integerlit[19:17] => '4'
do[19:19] => 'do'
if[20:9] => 'if'
identifier[20:12] => 'arr'
openbracket[20:15] => '['
identifier[20:16] => 'i'
closebracket[20:17] => ']'
equalequal[20:19] => '=='
identifier[20:22] => 'target'
then[20:29] => 'then'
return[20:34] => 'return'
booltrue[20:41] => 'true'
end[20:46] => 'end'
end[21:5] => 'end'
return[22:5] => 'return'
boolfalse[22:12] => 'false'
end[23:1] => 'end'
fn[25:1] => 'fn'
identifier[25:4] => 'range'
openparen[25:9] => '('
identifier[25:10] => 'start'
colon[25:15] => ':'
int[25:17] => 'Int'
comma[25:20] => ','
identifier[25:22] => 'step'
colon[25:26] => ':'
int[25:28] => 'Int'
closeparen[25:31] => ')'
minus[25:33] => '-'
greater[25:34] => '>'
int[25:36] => 'Int'
openbracket[25:39] => '['
integerlit[25:40] => '4'
closebracket[25:41] => ']'
do[25:43] => 'do'
identifier[26:5] => 'result'
colon[26:11] => ':'
int[26:13] => 'Int'
openbracket[26:16] => '['
integerlit[26:17] => '4'
closebracket[26:18] => ']'
equal[26:20] => '='
openbracket[26:22] => '['
integerlit[26:23] => '0'
comma[26:24] => ','
integerlit[26:26] => '0'
comma[26:27] => ','
integerlit[26:29] => '0'
comma[26:30] => ','
integerlit[26:32] => '0'
closebracket[26:33] => ']'
for[27:5] => 'for'
identifier[27:9] => 'i'
in[27:11] => 'in'
integerlit[27:14] => '0'
dot[27:15] => '.'
dot[27:16] => '.'
integerlit[27:17] => '4'
do[27:19] => 'do'
identifier[28:9] => 'result'
openbracket[28:15] => '['
identifier[28:16] => 'i'
closebracket[28:17] => ']'
equal[28:19] => '='
identifier[28:21] => 'start'
plus[28:27] => '+'
identifier[28:29] => 'i'
star[28:31] => '*'
identifier[28:33] => 'step'
end[29:5] => 'end'
return[30:5] => 'return'
identifier[30:12] => 'result'
end[31:1] => 'end'
identifier[33:1] => 'arr'
colon[33:4] => ':'
int[33:6] => 'Int'
openbracket[33:9] => '['
integerlit[33:10] => '4'
closebracket[33:11] => ']'
equal[33:13] => '='
identifier[33:15] => 'range'
openparen[33:20] => '('
integerlit[33:21] => '4'
comma[33:22] => ','
integerlit[33:24] => '2'
closeparen[33:25] => ')'
identifier[34:1] => 'print_array'
openparen[34:12] => '('
identifier[34:13] => 'arr'
closeparen[34:16] => ')'
identifier[35:1] => 'stdout'
openparen[35:7] => '('
identifier[35:8] => 'itoa'
openparen[35:12] => '('
identifier[35:13] => 'sum'
openparen[35:16] => '('
identifier[35:17] => 'arr'
closeparen[35:20] => ')'
closeparen[35:21] => ')'
closeparen[35:22] => ')'
identifier[35:24] => 'stdout'
openparen[35:30] => '('
stringlit[35:31] => '\n'
closeparen[35:35] => ')'
identifier[36:1] => 'stdout'
openparen[36:7] => '('
identifier[36:8] => 'btoa'
openparen[36:12] => '('
identifier[36:13] => 'contains'
openparen[36:21] => '('
identifier[36:22] => 'arr'
comma[36:25] => ','
integerlit[36:27] => '3'
closeparen[36:28] => ')'
closeparen[36:29] => ')'
closeparen[36:30] => ')'
identifier[36:32] => 'stdout'
openparen[36:38] => '('
stringlit[36:39] => '\n'
closeparen[36:43] => ')'
identifier[37:1] => 'stdout'
openparen[37:7] => '('
identifier[37:8] => 'btoa'
openparen[37:12] => '('
identifier[37:13] => 'contains'
openparen[37:21] => '('
identifier[37:22] => 'arr'
comma[37:25] => ','
integerlit[37:27] => '6'
closeparen[37:28] => ')'
closeparen[37:29] => ')'
closeparen[37:30] => ')'
identifier[37:32] => 'stdout'
openparen[37:38] => '('
stringlit[37:39] => '\n'
closeparen[37:43] => ')'
identifier[39:1] => 'arr'
colon[39:4] => ':'
int[39:6] => 'Int'
openbracket[39:9] => '['
integerlit[39:10] => '4'
closebracket[39:11] => ']'
equal[39:13] => '='
openbracket[39:15] => '['
integerlit[39:16] => '1'
comma[39:17] => ','
integerlit[39:19] => '2'
comma[39:20] => ','
integerlit[39:22] => '3'
comma[39:23] => ','
integerlit[39:25] => '4'
closebracket[39:26] => ']'
identifier[40:1] => 'print_array'
openparen[40:12] => '('
identifier[40:13] => 'arr'
closeparen[40:16] => ')'
identifier[41:1] => 'stdout'
openparen[41:7] => '('
identifier[41:8] => 'itoa'
openparen[41:12] => '('
identifier[41:13] => 'sum'
openparen[41:16] => '('
identifier[41:17] => 'arr'
closeparen[41:20] => ')'
closeparen[41:21] => ')'
closeparen[41:22] => ')'
identifier[41:24] => 'stdout'
openparen[41:30] => '('
stringlit[41:31] => '\n'
closeparen[41:35] => ')'
identifier[42:1] => 'stdout'
openparen[42:7] => '('
identifier[42:8] => 'btoa'
openparen[42:12] => '('
identifier[42:13] => 'contains'
openparen[42:21] => '('
identifier[42:22] => 'arr'
comma[42:25] => ','
integerlit[42:27] => '3'
closeparen[42:28] => ')'
closeparen[42:29] => ')'
closeparen[42:30] => ')'
identifier[42:32] => 'stdout'
openparen[42:38] => '('
stringlit[42:39] => '\n'
closeparen[42:43] => ')'
identifier[43:1] => 'stdout'
openparen[43:7] => '('
identifier[43:8] => 'btoa'
openparen[43:12] => '('
identifier[43:13] => 'contains'
openparen[43:21] => '('
identifier[43:22] => 'arr'
comma[43:25] => ','
integerlit[43:27] => '6'
closeparen[43:28] => ')'
closeparen[43:29] => ')'
closeparen[43:30] => ')'
identifier[43:32] => 'stdout'
openparen[43:38] => '('
stringlit[43:39] => '\n'
closeparen[43:43] => ')'
eof[44:1] => 'EOF'