fn[1:1] => 'fn'
identifier[1:4] => 'print'
openparen[1:9] => '('
identifier[1:10] => 'str'
colon[1:13] => ':'
string[1:15] => 'String'
comma[1:21] => ','
identifier[1:23] => 'expr'
colon[1:27] => ':'
bool[1:29] => 'Bool'
closeparen[1:33] => ')'
minus[1:35] => '-'
greater[1:36] => '>'
void[1:38] => 'Void'
do[1:43] => 'do'
identifier[2:5] => 'stdout'
openparen[2:11] => '('
identifier[2:12] => 'str'
closeparen[2:15] => ')'
identifier[2:17] => 'stdout'
openparen[2:23] => '('
stringlit[2:24] => ': '
closeparen[2:28] => ')'
identifier[2:30] => 'stdout'
openparen[2:36] => '('
identifier[2:37] => 'btoa'
openparen[2:41] => '('
identifier[2:42] => 'expr'
closeparen[2:46] => ')'
closeparen[2:47] => ')'
identifier[2:49] => 'stdout'
openparen[2:55] => '('
stringlit[2:56] => '\n'
closeparen[2:60] => ')'
end[3:1] => 'end'
identifier[5:1] => 'print'
openparen[5:6] => '('
stringlit[5:7] => '(true or false) and false'
comma[5:34] => ','
openparen[5:36] => '('
booltrue[5:37] => 'true'
or[5:42] => 'or'
boolfalse[5:45] => 'false'
closeparen[5:50] => ')'
and[5:52] => 'and'
boolfalse[5:56] => 'false'
closeparen[5:61] => ')'
identifier[6:1] => 'print'
openparen[6:6] => '('
stringlit[6:7] => 'true or (false and false)'
comma[6:34] => ','
booltrue[6:36] => 'true'
or[6:41] => 'or'
openparen[6:44] => '('
boolfalse[6:45] => 'false'
and[6:51] => 'and'
boolfalse[6:55] => 'false'
closeparen[6:60] => ')'
closeparen[6:61] => ')'
identifier[7:1] => 'print'
openparen[7:6] => '('
stringlit[7:7] => '(false or false) and (true or false)'
comma[7:45] => ','
openparen[7:47] => '('
boolfalse[7:48] => 'false'
or[7:54] => 'or'
boolfalse[7:57] => 'false'
closeparen[7:62] => ')'
and[7:64] => 'and'
openparen[7:68] => '('
booltrue[7:69] => 'true'
or[7:74] => 'or'
boolfalse[7:77] => 'false'
closeparen[7:82] => ')'
closeparen[7:83] => ')'
identifier[8:1] => 'print'
openparen[8:6] => '('
stringlit[8:7] => '(true and true) or (false and true)'
comma[8:44] => ','
openparen[8:46] => '('
booltrue[8:47] => 'true'
and[8:52] => 'and'
booltrue[8:56] => 'true'
closeparen[8:60] => ')'
or[8:62] => 'or'
openparen[8:65] => '('
boolfalse[8:66] => 'false'
and[8:72] => 'and'
booltrue[8:76] => 'true'
closeparen[8:80] => ')'
closeparen[8:81] => ')'
identifier[10:1] => 'stdout'
openparen[10:7] => '('
stringlit[10:8] => '======================\n'
closeparen[10:34] => ')'
identifier[12:1] => 'print'
openparen[12:6] => '('
stringlit[12:7] => 'true and true and false'
comma[12:32] => ','
booltrue[12:34] => 'true'
and[12:39] => 'and'
booltrue[12:43] => 'true'
and[12:48] => 'and'
boolfalse[12:52] => 'false'
closeparen[12:57] => ')'
identifier[13:1] => 'print'
openparen[13:6] => '('
stringlit[13:7] => 'false or false or true'
comma[13:31] => ','
boolfalse[13:33] => 'false'
or[13:39] => 'or'
boolfalse[13:42] => 'false'
or[13:48] => 'or'
booltrue[13:51] => 'true'
closeparen[13:55] => ')'
identifier[14:1] => 'print'
openparen[14:6] => '('
stringlit[14:7] => 'true or false or false and true'
comma[14:40] => ','
booltrue[14:42] => 'true'
or[14:47] => 'or'
boolfalse[14:50] => 'false'
or[14:56] => 'or'
boolfalse[14:59] => 'false'
and[14:65] => 'and'
booltrue[14:69] => 'true'
closeparen[14:73] => ')'
identifier[15:1] => 'print'
openparen[15:6] => '('
stringlit[15:7] => '(true or false) and (false or true)'
comma[15:44] => ','
openparen[15:46] => '('
booltrue[15:47] => 'true'
or[15:52] => 'or'
boolfalse[15:55] => 'false'
closeparen[15:60] => ')'
and[15:62] => 'and'
openparen[15:66] => '('
boolfalse[15:67] => 'false'
or[15:73] => 'or'
booltrue[15:76] => 'true'
closeparen[15:80] => ')'
closeparen[15:81] => ')'
identifier[17:1] => 'stdout'
openparen[17:7] => '('
stringlit[17:8] => '======================\n'
closeparen[17:34] => ')'
identifier[19:1] => 'print'
openparen[19:6] => '('
stringlit[19:7] => 'not false and true'
comma[19:27] => ','
not[19:29] => 'not'
boolfalse[19:33] => 'false'
and[19:39] => 'and'
booltrue[19:43] => 'true'
closeparen[19:47] => ')'
identifier[20:1] => 'print'
openparen[20:6] => '('
stringlit[20:7] => 'not (true or false)'
comma[20:28] => ','
not[20:30] => 'not'
openparen[20:34] => '('
booltrue[20:35] => 'true'
or[20:40] => 'or'
boolfalse[20:43] => 'false'
closeparen[20:48] => ')'
closeparen[20:49] => ')'
identifier[21:1] => 'print'
openparen[21:6] => '('
stringlit[21:7] => 'not true or false and true'
comma[21:35] => ','
not[21:37] => 'not'
booltrue[21:41] => 'true'
or[21:46] => 'or'
boolfalse[21:49] => 'false'
and[21:55] => 'and'
booltrue[21:59] => 'true'
closeparen[21:63] => ')'
identifier[22:1] => 'print'
openparen[22:6] => '('
stringlit[22:7] => 'not (false and true) or true'
comma[22:37] => ','
not[22:39] => 'not'
openparen[22:43] => '('
boolfalse[22:44] => 'false'
and[22:50] => 'and'
booltrue[22:54] => 'true'
closeparen[22:58] => ')'
or[22:60] => 'or'
booltrue[22:63] => 'true'
closeparen[22:67] => ')'
eof[23:1] => 'EOF'