identifier[1:1] => 'x'
colon[1:2] => ':'
int[1:4] => 'Int'
equal[1:8] => '='
integerlit[1:10] => '12'
identifier[1:13] => 'stdout'
openparen[1:19] => '('
identifier[1:20] => 'itoa'
openparen[1:24] => '('
identifier[1:25] => 'x'
closeparen[1:26] => ')'
closeparen[1:27] => ')'
identifier[1:29] => 'stdout'
openparen[1:35] => '('
stringlit[1:36] => '\n'
closeparen[1:40] => ')'
identifier[2:1] => 'x'
colon[2:2] => ':'
string[2:4] => 'String'
equal[2:11] => '='
stringlit[2:13] => 'Hello, World!\n'
identifier[2:31] => 'stdout'
openparen[2:37] => '('
identifier[2:38] => 'x'
closeparen[2:39] => ')'
identifier[3:1] => 'x'
colon[3:2] => ':'
int[3:4] => 'Int'
equal[3:8] => '='
integerlit[3:10] => '42'
identifier[4:1] => 'exit'
openparen[4:5] => '('
identifier[4:6] => 'x'
closeparen[4:7] => ')'
eof[5:1] => 'EOF'