Token(ttype=<TokenType.Exit: 'exit'>, value='exit', position=Position(path=PosixPath('tests/cases/exit42.bbf'), line=1, column=1))
Token(ttype=<TokenType.OpenParen: 'openparen'>, value='(', position=Position(path=PosixPath('tests/cases/exit42.bbf'), line=1, column=5))
Token(ttype=<TokenType.Integer: 'integer'>, value='43', position=Position(path=PosixPath('tests/cases/exit42.bbf'), line=1, column=6))
Token(ttype=<TokenType.CloseParen: 'closeparen'>, value=')', position=Position(path=PosixPath('tests/cases/exit42.bbf'), line=1, column=8))
Token(ttype=<TokenType.EOF: 'eof'>, value='EOF', position=Position(path=PosixPath('tests/cases/exit42.bbf'), line=2, column=1))