identifier[1:1] => 'x'
colon[1:2] => ':'
int[1:4] => 'Int'
equal[1:8] => '='
integerlit[1:10] => '4'
plus[1:12] => '+'
integerlit[1:14] => '5'
minus[1:16] => '-'
integerlit[1:18] => '2'
star[1:20] => '*'
openparen[1:22] => '('
integerlit[1:23] => '4'
plus[1:25] => '+'
integerlit[1:27] => '1'
closeparen[1:28] => ')'
identifier[2:1] => 'z'
colon[2:2] => ':'
int[2:4] => 'Int'
equal[2:8] => '='
identifier[2:10] => 'x'
minus[2:12] => '-'
integerlit[2:14] => '4'
identifier[3:1] => 'y'
colon[3:2] => ':'
int[3:4] => 'Int'
equal[3:8] => '='
integerlit[3:10] => '2'
star[3:12] => '*'
identifier[3:14] => 'x'
minus[3:16] => '-'
identifier[3:18] => 'z'
identifier[4:1] => 'exit'
openparen[4:5] => '('
identifier[4:6] => 'y'
closeparen[4:7] => ')'
eof[5:1] => 'EOF'