fn[1:1] => 'fn'
identifier[1:4] => 'add'
openparen[1:7] => '('
identifier[1:8] => 'a'
colon[1:9] => ':'
int[1:11] => 'Int'
comma[1:14] => ','
identifier[1:16] => 'b'
colon[1:17] => ':'
int[1:19] => 'Int'
comma[1:22] => ','
identifier[1:24] => 'c'
colon[1:25] => ':'
int[1:27] => 'Int'
comma[1:30] => ','
identifier[1:32] => 'd'
colon[1:33] => ':'
int[1:35] => 'Int'
comma[1:38] => ','
identifier[1:40] => 'e'
colon[1:41] => ':'
int[1:43] => 'Int'
comma[1:46] => ','
identifier[1:48] => 'f'
colon[1:49] => ':'
int[1:51] => 'Int'
closeparen[1:54] => ')'
minus[1:56] => '-'
greater[1:57] => '>'
int[1:59] => 'Int'
do[1:63] => 'do'
return[2:5] => 'return'
identifier[2:12] => 'a'
plus[2:14] => '+'
identifier[2:16] => 'b'
plus[2:18] => '+'
identifier[2:20] => 'c'
plus[2:22] => '+'
identifier[2:24] => 'd'
plus[2:26] => '+'
identifier[2:28] => 'e'
plus[2:30] => '+'
identifier[2:32] => 'f'
end[3:1] => 'end'
fn[5:1] => 'fn'
identifier[5:4] => 'newline'
openparen[5:11] => '('
identifier[5:12] => 'x'
colon[5:13] => ':'
int[5:15] => 'Int'
closeparen[5:18] => ')'
minus[5:20] => '-'
greater[5:21] => '>'
void[5:23] => 'Void'
do[5:28] => 'do'
identifier[6:5] => 'stdout'
openparen[6:11] => '('
identifier[6:12] => 'itoa'
openparen[6:16] => '('
identifier[6:17] => 'x'
closeparen[6:18] => ')'
closeparen[6:19] => ')'
identifier[6:21] => 'stdout'
openparen[6:27] => '('
stringlit[6:28] => '\n'
closeparen[6:32] => ')'
end[7:1] => 'end'
identifier[9:1] => 'result'
colon[9:7] => ':'
int[9:9] => 'Int'
equal[9:13] => '='
identifier[9:15] => 'add'
openparen[9:18] => '('
integerlit[9:19] => '1'
comma[9:20] => ','
integerlit[9:22] => '2'
comma[9:23] => ','
integerlit[9:25] => '3'
comma[9:26] => ','
integerlit[9:28] => '4'
comma[9:29] => ','
integerlit[9:31] => '5'
comma[9:32] => ','
integerlit[9:34] => '6'
closeparen[9:35] => ')'
identifier[10:1] => 'newline'
openparen[10:8] => '('
identifier[10:9] => 'result'
closeparen[10:15] => ')'
eof[11:1] => 'EOF'