fn[1:1] => 'fn'
identifier[1:4] => 'print_argv_even_stdout_odd_stderr'
openparen[1:37] => '('
closeparen[1:38] => ')'
minus[1:40] => '-'
greater[1:41] => '>'
void[1:43] => 'Void'
do[1:48] => 'do'
for[2:5] => 'for'
identifier[2:9] => 'i'
in[2:11] => 'in'
integerlit[2:14] => '1'
dot[2:15] => '.'
dot[2:16] => '.'
identifier[2:17] => 'argc'
do[2:22] => 'do'
if[3:9] => 'if'
identifier[3:12] => 'i'
percent[3:14] => '%'
integerlit[3:16] => '2'
equalequal[3:18] => '=='
integerlit[3:21] => '0'
then[3:23] => 'then'
identifier[4:13] => 'stdout'
openparen[4:19] => '('
identifier[4:20] => 'argv'
openbracket[4:24] => '['
identifier[4:25] => 'i'
closebracket[4:26] => ']'
closeparen[4:27] => ')'
identifier[4:29] => 'stdout'
openparen[4:35] => '('
stringlit[4:36] => '\n'
closeparen[4:40] => ')'
else[5:9] => 'else'
identifier[6:13] => 'stderr'
openparen[6:19] => '('
identifier[6:20] => 'argv'
openbracket[6:24] => '['
identifier[6:25] => 'i'
closebracket[6:26] => ']'
closeparen[6:27] => ')'
identifier[6:29] => 'stderr'
openparen[6:35] => '('
stringlit[6:36] => '\n'
closeparen[6:40] => ')'
end[7:9] => 'end'
end[8:5] => 'end'
end[9:1] => 'end'
identifier[11:1] => 'print_argv_even_stdout_odd_stderr'
openparen[11:34] => '('
closeparen[11:35] => ')'
eof[12:1] => 'EOF'