fn[1:1] => 'fn'
identifier[1:4] => 'array'
openparen[1:9] => '('
closeparen[1:10] => ')'
minus[1:12] => '-'
greater[1:13] => '>'
int[1:15] => 'Int'
openbracket[1:18] => '['
integerlit[1:19] => '4'
closebracket[1:20] => ']'
do[1:22] => 'do'
return[2:5] => 'return'
openbracket[2:12] => '['
integerlit[2:13] => '1'
comma[2:14] => ','
integerlit[2:16] => '2'
comma[2:17] => ','
integerlit[2:19] => '3'
comma[2:20] => ','
integerlit[2:22] => '4'
closebracket[2:23] => ']'
end[3:1] => 'end'
fn[5:1] => 'fn'
identifier[5:4] => 'print_array'
openparen[5:15] => '('
identifier[5:16] => 'arr'
colon[5:19] => ':'
int[5:21] => 'Int'
openbracket[5:24] => '['
integerlit[5:25] => '4'
closebracket[5:26] => ']'
closeparen[5:27] => ')'
do[5:29] => 'do'
identifier[6:5] => 'stdout'
openparen[6:11] => '('
stringlit[6:12] => '['
closeparen[6:15] => ')'
for[7:5] => 'for'
identifier[7:9] => 'i'
in[7:11] => 'in'
integerlit[7:14] => '0'
dot[7:15] => '.'
dot[7:16] => '.'
integerlit[7:17] => '4'
do[7:19] => 'do'
if[8:9] => 'if'
identifier[8:12] => 'i'
bangequal[8:14] => '!='
integerlit[8:16] => '0'
then[8:18] => 'then'
identifier[8:23] => 'stdout'
openparen[8:29] => '('
stringlit[8:30] => ' '
closeparen[8:33] => ')'
end[8:35] => 'end'
identifier[9:9] => 'stdout'
openparen[9:15] => '('
identifier[9:16] => 'itoa'
openparen[9:20] => '('
identifier[9:21] => 'arr'
openbracket[9:24] => '['
identifier[9:25] => 'i'
closebracket[9:26] => ']'
closeparen[9:27] => ')'
closeparen[9:28] => ')'
end[10:5] => 'end'
identifier[11:5] => 'stdout'
openparen[11:11] => '('
stringlit[11:12] => ']'
closeparen[11:15] => ')'
identifier[11:17] => 'stdout'
openparen[11:23] => '('
stringlit[11:24] => '\n'
closeparen[11:28] => ')'
end[12:1] => 'end'
identifier[14:1] => 'x'
colon[14:2] => ':'
int[14:4] => 'Int'
openbracket[14:7] => '['
integerlit[14:8] => '4'
closebracket[14:9] => ']'
equal[14:11] => '='
identifier[14:13] => 'array'
openparen[14:18] => '('
closeparen[14:19] => ')'
identifier[15:1] => 'print_array'
openparen[15:12] => '('
identifier[15:13] => 'x'
closeparen[15:14] => ')'
identifier[16:1] => 'x'
openbracket[16:2] => '['
integerlit[16:3] => '2'
closebracket[16:4] => ']'
equal[16:6] => '='
integerlit[16:8] => '100'
identifier[17:1] => 'print_array'
openparen[17:12] => '('
identifier[17:13] => 'x'
closeparen[17:14] => ')'
identifier[19:1] => 'y'
colon[19:2] => ':'
int[19:4] => 'Int'
openbracket[19:7] => '['
integerlit[19:8] => '4'
closebracket[19:9] => ']'
equal[19:11] => '='
identifier[19:13] => 'array'
openparen[19:18] => '('
closeparen[19:19] => ')'
identifier[20:1] => 'print_array'
openparen[20:12] => '('
identifier[20:13] => 'y'
closeparen[20:14] => ')'
identifier[21:1] => 'y'
openbracket[21:2] => '['
integerlit[21:3] => '2'
closebracket[21:4] => ']'
equal[21:6] => '='
minus[21:8] => '-'
integerlit[21:9] => '999'
identifier[22:1] => 'print_array'
openparen[22:12] => '('
identifier[22:13] => 'y'
closeparen[22:14] => ')'
identifier[24:1] => 'z'
colon[24:2] => ':'
int[24:4] => 'Int'
equal[24:8] => '='
identifier[24:10] => 'x'
openbracket[24:11] => '['
integerlit[24:12] => '0'
closebracket[24:13] => ']'
plus[24:15] => '+'
identifier[24:17] => 'x'
openbracket[24:18] => '['
integerlit[24:19] => '1'
closebracket[24:20] => ']'
plus[24:22] => '+'
identifier[24:24] => 'x'
openbracket[24:25] => '['
integerlit[24:26] => '2'
closebracket[24:27] => ']'
plus[24:29] => '+'
identifier[24:31] => 'x'
openbracket[24:32] => '['
integerlit[24:33] => '3'
closebracket[24:34] => ']'
minus[24:36] => '-'
identifier[24:38] => 'y'
openbracket[24:39] => '['
integerlit[24:40] => '2'
closebracket[24:41] => ']'
identifier[25:1] => 'stdout'
openparen[25:7] => '('
identifier[25:8] => 'itoa'
openparen[25:12] => '('
identifier[25:13] => 'z'
closeparen[25:14] => ')'
closeparen[25:15] => ')'
identifier[25:17] => 'stdout'
openparen[25:23] => '('
stringlit[25:24] => '\n'
closeparen[25:28] => ')'
eof[26:1] => 'EOF'