fn[1:1] => 'fn'
identifier[1:4] => 'void'
openparen[1:8] => '('
closeparen[1:9] => ')'
minus[1:11] => '-'
greater[1:12] => '>'
void[1:14] => 'Void'
do[1:19] => 'do'
identifier[2:5] => 'x'
colon[2:6] => ':'
int[2:8] => 'Int'
equal[2:12] => '='
integerlit[2:14] => '12'
identifier[3:5] => 'stdout'
openparen[3:11] => '('
identifier[3:12] => 'itoa'
openparen[3:16] => '('
identifier[3:17] => 'x'
closeparen[3:18] => ')'
closeparen[3:19] => ')'
identifier[3:21] => 'stdout'
openparen[3:27] => '('
stringlit[3:28] => '\n'
closeparen[3:32] => ')'
identifier[4:5] => 'stdout'
openparen[4:11] => '('
stringlit[4:12] => '=====BEFORE BLOCK=======\n'
closeparen[4:40] => ')'
do[5:5] => 'do'
identifier[6:9] => 'stdout'
openparen[6:15] => '('
identifier[6:16] => 'itoa'
openparen[6:20] => '('
identifier[6:21] => 'x'
closeparen[6:22] => ')'
closeparen[6:23] => ')'
identifier[6:25] => 'stdout'
openparen[6:31] => '('
stringlit[6:32] => '\n'
closeparen[6:36] => ')'
identifier[7:9] => 'stdout'
openparen[7:15] => '('
stringlit[7:16] => 'Hello, World!\n'
closeparen[7:33] => ')'
identifier[8:9] => 'x'
colon[8:10] => ':'
string[8:12] => 'String'
equal[8:19] => '='
stringlit[8:21] => 'New Value\n'
identifier[9:9] => 'stdout'
openparen[9:15] => '('
identifier[9:16] => 'x'
closeparen[9:17] => ')'
end[10:5] => 'end'
identifier[11:5] => 'stdout'
openparen[11:11] => '('
stringlit[11:12] => '=====AFTER BLOCK=======\n'
closeparen[11:39] => ')'
identifier[12:5] => 'stdout'
openparen[12:11] => '('
identifier[12:12] => 'itoa'
openparen[12:16] => '('
identifier[12:17] => 'x'
closeparen[12:18] => ')'
closeparen[12:19] => ')'
identifier[12:21] => 'stdout'
openparen[12:27] => '('
stringlit[12:28] => '\n'
closeparen[12:32] => ')'
end[13:1] => 'end'
identifier[15:1] => 'void'
openparen[15:5] => '('
closeparen[15:6] => ')'
eof[16:1] => 'EOF'