for[1:1] => 'for'
identifier[1:5] => 'i'
in[1:7] => 'in'
integerlit[1:10] => '1'
dot[1:11] => '.'
dot[1:12] => '.'
integerlit[1:13] => '10'
do[1:16] => 'do'
identifier[2:5] => 'stdout'
openparen[2:11] => '('
identifier[2:12] => 'itoa'
openparen[2:16] => '('
identifier[2:17] => 'i'
closeparen[2:18] => ')'
closeparen[2:19] => ')'
identifier[2:21] => 'stdout'
openparen[2:27] => '('
stringlit[2:28] => '\n'
closeparen[2:32] => ')'
end[3:1] => 'end'
eof[4:1] => 'EOF'