identifier[1:1] => 'x'
colon[1:2] => ':'
int[1:4] => 'Int'
equal[1:8] => '='
integerlit[1:10] => '100'
if[2:1] => 'if'
identifier[2:4] => 'x'
greater[2:6] => '>'
integerlit[2:8] => '10'
then[2:11] => 'then'
identifier[3:5] => 'x'
colon[3:6] => ':'
int[3:8] => 'Int'
equal[3:12] => '='
integerlit[3:14] => '12'
elif[4:1] => 'elif'
identifier[4:6] => 'x'
equalequal[4:8] => '=='
integerlit[4:11] => '20'
then[4:14] => 'then'
identifier[5:5] => 'x'
colon[5:6] => ':'
int[5:8] => 'Int'
equal[5:12] => '='
integerlit[5:14] => '12312'
else[6:1] => 'else'
identifier[7:5] => 'x'
colon[7:6] => ':'
int[7:8] => 'Int'
equal[7:12] => '='
integerlit[7:14] => '1'
end[8:1] => 'end'
identifier[10:1] => 'stdout'
openparen[10:7] => '('
identifier[10:8] => 'itoa'
openparen[10:12] => '('
identifier[10:13] => 'x'
closeparen[10:14] => ')'
closeparen[10:15] => ')'
eof[11:1] => 'EOF'