fn[1:1] => 'fn'
identifier[1:4] => 'isprime'
openparen[1:11] => '('
identifier[1:12] => 'x'
colon[1:13] => ':'
int[1:15] => 'Int'
closeparen[1:18] => ')'
minus[1:20] => '-'
greater[1:21] => '>'
int[1:23] => 'Int'
do[1:27] => 'do'
identifier[2:5] => 'false'
colon[2:10] => ':'
int[2:12] => 'Int'
equal[2:16] => '='
integerlit[2:18] => '0'
identifier[3:5] => 'true'
colon[3:9] => ':'
int[3:11] => 'Int'
equal[3:15] => '='
integerlit[3:17] => '1'
if[4:5] => 'if'
identifier[4:8] => 'x'
less[4:10] => '<'
integerlit[4:12] => '2'
then[4:14] => 'then'
return[4:19] => 'return'
identifier[4:26] => 'false'
end[4:32] => 'end'
if[5:5] => 'if'
identifier[5:8] => 'x'
equalequal[5:10] => '=='
integerlit[5:13] => '2'
then[5:15] => 'then'
return[5:20] => 'return'
identifier[5:27] => 'true'
end[5:32] => 'end'
if[6:5] => 'if'
identifier[6:8] => 'x'
equalequal[6:10] => '=='
integerlit[6:13] => '3'
then[6:15] => 'then'
return[6:20] => 'return'
identifier[6:27] => 'true'
end[6:32] => 'end'
for[7:5] => 'for'
identifier[7:9] => 'i'
in[7:11] => 'in'
integerlit[7:14] => '2'
dot[7:15] => '.'
dot[7:16] => '.'
equal[7:17] => '='
identifier[7:18] => 'x'
slash[7:19] => '/'
integerlit[7:20] => '2'
do[7:22] => 'do'
if[8:9] => 'if'
identifier[8:12] => 'x'
percent[8:14] => '%'
identifier[8:16] => 'i'
equalequal[8:18] => '=='
integerlit[8:21] => '0'
then[8:23] => 'then'
return[9:13] => 'return'
identifier[9:20] => 'false'
end[10:9] => 'end'
end[11:5] => 'end'
return[12:5] => 'return'
identifier[12:12] => 'true'
end[13:1] => 'end'
if[16:1] => 'if'
identifier[16:4] => 'argc'
less[16:9] => '<'
integerlit[16:11] => '2'
then[16:13] => 'then'
identifier[17:5] => 'stderr'
openparen[17:11] => '('
stringlit[17:12] => 'USAGE: '
closeparen[17:21] => ')'
identifier[17:23] => 'stderr'
openparen[17:29] => '('
identifier[17:30] => 'argv'
openbracket[17:34] => '['
integerlit[17:35] => '0'
closebracket[17:36] => ']'
closeparen[17:37] => ')'
identifier[17:39] => 'stderr'
openparen[17:45] => '('
stringlit[17:46] => ' <number>\n'
closeparen[17:59] => ')'
identifier[18:5] => 'exit'
openparen[18:9] => '('
integerlit[18:10] => '1'
closeparen[18:11] => ')'
end[19:1] => 'end'
identifier[21:1] => 'start'
colon[21:6] => ':'
int[21:8] => 'Int'
equal[21:12] => '='
identifier[21:14] => 'atoi'
openparen[21:18] => '('
identifier[21:19] => 'argv'
openbracket[21:23] => '['
integerlit[21:24] => '1'
closebracket[21:25] => ']'
closeparen[21:26] => ')'
identifier[22:1] => 'range'
colon[22:6] => ':'
int[22:8] => 'Int'
equal[22:12] => '='
integerlit[22:14] => '10'
for[24:1] => 'for'
identifier[24:5] => 'i'
in[24:7] => 'in'
identifier[24:10] => 'start'
dot[24:15] => '.'
dot[24:16] => '.'
identifier[24:17] => 'start'
plus[24:22] => '+'
identifier[24:23] => 'range'
do[24:29] => 'do'
identifier[25:5] => 'res'
colon[25:8] => ':'
int[25:10] => 'Int'
equal[25:14] => '='
identifier[25:16] => 'isprime'
openparen[25:23] => '('
identifier[25:24] => 'i'
closeparen[25:25] => ')'
identifier[26:5] => 'stdout'
openparen[26:11] => '('
identifier[26:12] => 'itoa'
openparen[26:16] => '('
identifier[26:17] => 'i'
closeparen[26:18] => ')'
closeparen[26:19] => ')'
identifier[26:21] => 'stdout'
openparen[26:27] => '('
stringlit[26:28] => ': '
closeparen[26:32] => ')'
if[27:5] => 'if'
identifier[27:8] => 'res'
equalequal[27:12] => '=='
integerlit[27:15] => '0'
then[27:17] => 'then'
identifier[28:9] => 'stdout'
openparen[28:15] => '('
stringlit[28:16] => 'NO PRIME\n'
closeparen[28:28] => ')'
else[29:5] => 'else'
identifier[30:9] => 'stdout'
openparen[30:15] => '('
stringlit[30:16] => 'PRIME\n'
closeparen[30:25] => ')'
end[31:5] => 'end'
end[32:1] => 'end'
eof[33:1] => 'EOF'