fn[1:1] => 'fn'
identifier[1:4] => 'isprime'
openparen[1:11] => '('
identifier[1:12] => 'x'
colon[1:13] => ':'
int[1:15] => 'Int'
closeparen[1:18] => ')'
minus[1:20] => '-'
greater[1:21] => '>'
bool[1:23] => 'Bool'
do[1:28] => 'do'
if[2:5] => 'if'
identifier[2:8] => 'x'
less[2:10] => '<'
integerlit[2:12] => '2'
then[2:14] => 'then'
return[2:19] => 'return'
boolfalse[2:26] => 'false'
end[2:32] => 'end'
if[3:5] => 'if'
identifier[3:8] => 'x'
equalequal[3:10] => '=='
integerlit[3:13] => '2'
then[3:15] => 'then'
return[3:20] => 'return'
booltrue[3:27] => 'true'
end[3:32] => 'end'
if[4:5] => 'if'
identifier[4:8] => 'x'
equalequal[4:10] => '=='
integerlit[4:13] => '3'
then[4:15] => 'then'
return[4:20] => 'return'
booltrue[4:27] => 'true'
end[4:32] => 'end'
for[5:5] => 'for'
identifier[5:9] => 'i'
in[5:11] => 'in'
integerlit[5:14] => '2'
dot[5:15] => '.'
dot[5:16] => '.'
equal[5:17] => '='
identifier[5:18] => 'x'
slash[5:19] => '/'
integerlit[5:20] => '2'
do[5:22] => 'do'
if[6:9] => 'if'
identifier[6:12] => 'x'
percent[6:14] => '%'
identifier[6:16] => 'i'
equalequal[6:18] => '=='
integerlit[6:21] => '0'
then[6:23] => 'then'
return[7:13] => 'return'
boolfalse[7:20] => 'false'
end[8:9] => 'end'
end[9:5] => 'end'
return[10:5] => 'return'
booltrue[10:12] => 'true'
end[11:1] => 'end'
if[14:1] => 'if'
identifier[14:4] => 'argc'
less[14:9] => '<'
integerlit[14:11] => '2'
then[14:13] => 'then'
identifier[15:5] => 'stderr'
openparen[15:11] => '('
stringlit[15:12] => 'USAGE: '
closeparen[15:21] => ')'
identifier[15:23] => 'stderr'
openparen[15:29] => '('
identifier[15:30] => 'argv'
openbracket[15:34] => '['
integerlit[15:35] => '0'
closebracket[15:36] => ']'
closeparen[15:37] => ')'
identifier[15:39] => 'stderr'
openparen[15:45] => '('
stringlit[15:46] => ' <number>\n'
closeparen[15:59] => ')'
identifier[16:5] => 'exit'
openparen[16:9] => '('
integerlit[16:10] => '1'
closeparen[16:11] => ')'
end[17:1] => 'end'
identifier[19:1] => 'start'
colon[19:6] => ':'
int[19:8] => 'Int'
equal[19:12] => '='
identifier[19:14] => 'atoi'
openparen[19:18] => '('
identifier[19:19] => 'argv'
openbracket[19:23] => '['
integerlit[19:24] => '1'
closebracket[19:25] => ']'
closeparen[19:26] => ')'
identifier[20:1] => 'range'
colon[20:6] => ':'
int[20:8] => 'Int'
equal[20:12] => '='
integerlit[20:14] => '10'
for[22:1] => 'for'
identifier[22:5] => 'i'
in[22:7] => 'in'
identifier[22:10] => 'start'
dot[22:15] => '.'
dot[22:16] => '.'
identifier[22:17] => 'start'
plus[22:22] => '+'
identifier[22:23] => 'range'
do[22:29] => 'do'
identifier[23:5] => 'res'
colon[23:8] => ':'
int[23:10] => 'Int'
equal[23:14] => '='
identifier[23:16] => 'isprime'
openparen[23:23] => '('
identifier[23:24] => 'i'
closeparen[23:25] => ')'
identifier[24:5] => 'stdout'
openparen[24:11] => '('
identifier[24:12] => 'itoa'
openparen[24:16] => '('
identifier[24:17] => 'i'
closeparen[24:18] => ')'
closeparen[24:19] => ')'
identifier[24:21] => 'stdout'
openparen[24:27] => '('
stringlit[24:28] => ': '
closeparen[24:32] => ')'
if[25:5] => 'if'
identifier[25:8] => 'res'
equalequal[25:12] => '=='
integerlit[25:15] => '0'
then[25:17] => 'then'
identifier[26:9] => 'stdout'
openparen[26:15] => '('
stringlit[26:16] => 'NO PRIME\n'
closeparen[26:28] => ')'
else[27:5] => 'else'
identifier[28:9] => 'stdout'
openparen[28:15] => '('
stringlit[28:16] => 'PRIME\n'
closeparen[28:25] => ')'
end[29:5] => 'end'
end[30:1] => 'end'
eof[31:1] => 'EOF'