identifier[1:1] => 'x'
colon[1:2] => ':'
int[1:4] => 'Int'
equal[1:8] => '='
integerlit[1:10] => '12'
identifier[2:1] => 'y'
colon[2:2] => ':'
int[2:4] => 'Int'
equal[2:8] => '='
identifier[2:10] => 'x'
identifier[3:1] => 'z'
colon[3:2] => ':'
int[3:4] => 'Int'
equal[3:8] => '='
identifier[3:10] => 'x'
identifier[4:1] => 'z'
colon[4:2] => ':'
int[4:4] => 'Int'
equal[4:8] => '='
identifier[4:10] => 'y'
plus[4:12] => '+'
integerlit[4:14] => '1'
identifier[5:1] => 'exit'
openparen[5:5] => '('
identifier[5:6] => 'z'
closeparen[5:7] => ')'
eof[6:1] => 'EOF'