Token(ttype=<TokenType.Identifier: 'identifier'>, value='x', position=Position(path=PosixPath('examples/multiple_assigns.bbf'), line=1, column=1))
Token(ttype=<TokenType.Assign: 'assign'>, value='=', position=Position(path=PosixPath('examples/multiple_assigns.bbf'), line=1, column=3))
Token(ttype=<TokenType.Integer: 'integer'>, value='12', position=Position(path=PosixPath('examples/multiple_assigns.bbf'), line=1, column=5))
Token(ttype=<TokenType.Identifier: 'identifier'>, value='y', position=Position(path=PosixPath('examples/multiple_assigns.bbf'), line=2, column=1))
Token(ttype=<TokenType.Assign: 'assign'>, value='=', position=Position(path=PosixPath('examples/multiple_assigns.bbf'), line=2, column=3))
Token(ttype=<TokenType.Identifier: 'identifier'>, value='x', position=Position(path=PosixPath('examples/multiple_assigns.bbf'), line=2, column=5))
Token(ttype=<TokenType.Identifier: 'identifier'>, value='z', position=Position(path=PosixPath('examples/multiple_assigns.bbf'), line=3, column=1))
Token(ttype=<TokenType.Assign: 'assign'>, value='=', position=Position(path=PosixPath('examples/multiple_assigns.bbf'), line=3, column=3))
Token(ttype=<TokenType.Identifier: 'identifier'>, value='x', position=Position(path=PosixPath('examples/multiple_assigns.bbf'), line=3, column=5))
Token(ttype=<TokenType.Identifier: 'identifier'>, value='z', position=Position(path=PosixPath('examples/multiple_assigns.bbf'), line=4, column=1))
Token(ttype=<TokenType.Assign: 'assign'>, value='=', position=Position(path=PosixPath('examples/multiple_assigns.bbf'), line=4, column=3))
Token(ttype=<TokenType.Identifier: 'identifier'>, value='y', position=Position(path=PosixPath('examples/multiple_assigns.bbf'), line=4, column=5))
Token(ttype=<TokenType.Identifier: 'identifier'>, value='y', position=Position(path=PosixPath('examples/multiple_assigns.bbf'), line=5, column=1))
Token(ttype=<TokenType.Assign: 'assign'>, value='=', position=Position(path=PosixPath('examples/multiple_assigns.bbf'), line=5, column=3))
Token(ttype=<TokenType.Identifier: 'identifier'>, value='x', position=Position(path=PosixPath('examples/multiple_assigns.bbf'), line=5, column=5))
Token(ttype=<TokenType.Exit: 'exit'>, value='exit', position=Position(path=PosixPath('examples/multiple_assigns.bbf'), line=6, column=1))
Token(ttype=<TokenType.OpenParen: 'openparen'>, value='(', position=Position(path=PosixPath('examples/multiple_assigns.bbf'), line=6, column=5))
Token(ttype=<TokenType.Identifier: 'identifier'>, value='x', position=Position(path=PosixPath('examples/multiple_assigns.bbf'), line=6, column=6))
Token(ttype=<TokenType.CloseParen: 'closeparen'>, value=')', position=Position(path=PosixPath('examples/multiple_assigns.bbf'), line=6, column=7))
Token(ttype=<TokenType.EOF: 'eof'>, value='EOF', position=Position(path=PosixPath('examples/multiple_assigns.bbf'), line=7, column=1))