for[1:1] => 'for'
identifier[1:5] => 'y'
in[1:7] => 'in'
integerlit[1:10] => '0'
dot[1:11] => '.'
dot[1:12] => '.'
integerlit[1:13] => '4'
do[1:15] => 'do'
for[2:5] => 'for'
identifier[2:9] => 'x'
in[2:11] => 'in'
integerlit[2:14] => '0'
dot[2:15] => '.'
dot[2:16] => '.'
integerlit[2:17] => '4'
do[2:19] => 'do'
identifier[3:9] => 'char'
colon[3:13] => ':'
string[3:15] => 'String'
equal[3:22] => '='
stringlit[3:24] => '-'
if[4:9] => 'if'
identifier[4:12] => 'y'
equalequal[4:14] => '=='
identifier[4:17] => 'x'
then[4:19] => 'then'
identifier[4:24] => 'char'
equal[4:29] => '='
stringlit[4:31] => 'x'
end[4:35] => 'end'
for[5:9] => 'for'
identifier[5:13] => 'z'
in[5:15] => 'in'
integerlit[5:18] => '0'
dot[5:19] => '.'
dot[5:20] => '.'
integerlit[5:21] => '4'
do[5:23] => 'do'
identifier[6:13] => 'stdout'
openparen[6:19] => '('
identifier[6:20] => 'char'
closeparen[6:24] => ')'
identifier[6:26] => 'stdout'
openparen[6:32] => '('
stringlit[6:33] => ' '
closeparen[6:36] => ')'
end[7:9] => 'end'
identifier[8:9] => 'stdout'
openparen[8:15] => '('
stringlit[8:16] => '  '
closeparen[8:20] => ')'
end[9:5] => 'end'
identifier[10:5] => 'stdout'
openparen[10:11] => '('
stringlit[10:12] => '\n'
closeparen[10:16] => ')'
end[11:1] => 'end'
eof[12:1] => 'EOF'