if[1:1] => 'if'
identifier[1:4] => 'argc'
equalequal[1:9] => '=='
integerlit[1:12] => '1'
then[1:14] => 'then'
identifier[2:5] => 'stderr'
openparen[2:11] => '('
stringlit[2:12] => 'USAGE: '
closeparen[2:21] => ')'
identifier[2:23] => 'stderr'
openparen[2:29] => '('
identifier[2:30] => 'argv'
openbracket[2:34] => '['
integerlit[2:35] => '0'
closebracket[2:36] => ']'
closeparen[2:37] => ')'
identifier[2:39] => 'stderr'
openparen[2:45] => '('
stringlit[2:46] => ' <input>\n'
closeparen[2:58] => ')'
identifier[3:5] => 'exit'
openparen[3:9] => '('
integerlit[3:10] => '1'
closeparen[3:11] => ')'
end[4:1] => 'end'
identifier[6:1] => 'stdout'
openparen[6:7] => '('
stringlit[6:8] => 'Argv[1]: '
closeparen[6:19] => ')'
identifier[6:21] => 'stdout'
openparen[6:27] => '('
identifier[6:28] => 'argv'
openbracket[6:32] => '['
integerlit[6:33] => '1'
closebracket[6:34] => ']'
closeparen[6:35] => ')'
identifier[6:37] => 'stdout'
openparen[6:43] => '('
stringlit[6:44] => '\n'
closeparen[6:48] => ')'
identifier[7:1] => 'input'
colon[7:6] => ':'
int[7:8] => 'Int'
equal[7:12] => '='
identifier[7:14] => 'atoi'
openparen[7:18] => '('
identifier[7:19] => 'argv'
openbracket[7:23] => '['
integerlit[7:24] => '1'
closebracket[7:25] => ']'
closeparen[7:26] => ')'
identifier[8:1] => 'x'
colon[8:2] => ':'
int[8:4] => 'Int'
equal[8:8] => '='
integerlit[8:10] => '12'
identifier[9:1] => 'y'
colon[9:2] => ':'
string[9:4] => 'String'
equal[9:11] => '='
stringlit[9:13] => 'Hello, World!\n'
fn[11:1] => 'fn'
identifier[11:4] => 'printnum'
openparen[11:12] => '('
identifier[11:13] => 'x'
colon[11:14] => ':'
int[11:16] => 'Int'
closeparen[11:19] => ')'
minus[11:21] => '-'
greater[11:22] => '>'
void[11:24] => 'Void'
do[11:29] => 'do'
identifier[12:5] => 'stdout'
openparen[12:11] => '('
identifier[12:12] => 'itoa'
openparen[12:16] => '('
identifier[12:17] => 'x'
closeparen[12:18] => ')'
closeparen[12:19] => ')'
identifier[12:21] => 'stdout'
openparen[12:27] => '('
stringlit[12:28] => '\n'
closeparen[12:32] => ')'
end[13:1] => 'end'
if[15:1] => 'if'
identifier[15:4] => 'input'
equalequal[15:10] => '=='
integerlit[15:13] => '10'
then[15:16] => 'then'
identifier[16:5] => 'stdout'
openparen[16:11] => '('
stringlit[16:12] => 'If\n'
closeparen[16:18] => ')'
identifier[17:5] => 'x'
colon[17:6] => ':'
int[17:8] => 'Int'
equal[17:12] => '='
integerlit[17:14] => '1200'
identifier[18:5] => 'printnum'
openparen[18:13] => '('
identifier[18:14] => 'x'
closeparen[18:15] => ')'
elif[19:1] => 'elif'
identifier[19:6] => 'input'
equalequal[19:12] => '=='
integerlit[19:15] => '20'
then[19:18] => 'then'
identifier[20:5] => 'stdout'
openparen[20:11] => '('
stringlit[20:12] => 'Elif 1\n'
closeparen[20:22] => ')'
identifier[21:5] => 'y'
colon[21:6] => ':'
int[21:8] => 'Int'
equal[21:12] => '='
integerlit[21:14] => '20'
identifier[22:5] => 'z'
colon[22:6] => ':'
int[22:8] => 'Int'
equal[22:12] => '='
integerlit[22:14] => '1000'
identifier[23:5] => 'printnum'
openparen[23:13] => '('
identifier[23:14] => 'z'
plus[23:16] => '+'
identifier[23:18] => 'y'
star[23:20] => '*'
identifier[23:22] => 'z'
closeparen[23:23] => ')'
elif[24:1] => 'elif'
identifier[24:6] => 'input'
equalequal[24:12] => '=='
integerlit[24:15] => '30'
then[24:18] => 'then'
identifier[25:5] => 'stdout'
openparen[25:11] => '('
stringlit[25:12] => 'Elif 2\n'
closeparen[25:22] => ')'
identifier[26:5] => 'abc'
colon[26:8] => ':'
string[26:10] => 'String'
equal[26:17] => '='
stringlit[26:19] => 'ABC'
identifier[27:5] => 'abc'
colon[27:8] => ':'
string[27:10] => 'String'
equal[27:17] => '='
stringlit[27:19] => 'ABC'
identifier[28:5] => 'bcd'
colon[28:8] => ':'
string[28:10] => 'String'
equal[28:17] => '='
stringlit[28:19] => 'BCD'
identifier[29:5] => 'qwer'
colon[29:9] => ':'
string[29:11] => 'String'
equal[29:18] => '='
stringlit[29:20] => 'aslkdfjalsfjdlkfsal'
elif[30:1] => 'elif'
identifier[30:6] => 'input'
equalequal[30:12] => '=='
integerlit[30:15] => '40'
then[30:18] => 'then'
identifier[31:5] => 'stdout'
openparen[31:11] => '('
stringlit[31:12] => 'Elif 3\n'
closeparen[31:22] => ')'
identifier[32:5] => 'abc'
colon[32:8] => ':'
int[32:10] => 'Int'
equal[32:14] => '='
integerlit[32:16] => '4'
star[32:18] => '*'
integerlit[32:20] => '2'
plus[32:22] => '+'
integerlit[32:24] => '12'
minus[32:27] => '-'
integerlit[32:29] => '125'
plus[32:33] => '+'
openparen[32:35] => '('
integerlit[32:36] => '34'
slash[32:39] => '/'
integerlit[32:41] => '12'
closeparen[32:43] => ')'
percent[32:45] => '%'
integerlit[32:47] => '23'
identifier[33:5] => 'printnum'
openparen[33:13] => '('
identifier[33:14] => 'abc'
closeparen[33:17] => ')'
else[34:1] => 'else'
identifier[35:5] => 'stdout'
openparen[35:11] => '('
stringlit[35:12] => 'Else\n'
closeparen[35:20] => ')'
identifier[36:5] => 'printnum'
openparen[36:13] => '('
integerlit[36:14] => '100'
closeparen[36:17] => ')'
end[37:1] => 'end'
identifier[39:1] => 'printnum'
openparen[39:9] => '('
identifier[39:10] => 'x'
closeparen[39:11] => ')'
identifier[40:1] => 'stdout'
openparen[40:7] => '('
identifier[40:8] => 'y'
closeparen[40:9] => ')'
eof[41:1] => 'EOF'