identifier[1:1] => 'x'
colon[1:2] => ':'
int[1:4] => 'Int'
equal[1:8] => '='
integerlit[1:10] => '12'
identifier[1:13] => 'stdout'
openparen[1:19] => '('
identifier[1:20] => 'itoa'
openparen[1:24] => '('
identifier[1:25] => 'x'
closeparen[1:26] => ')'
closeparen[1:27] => ')'
identifier[1:29] => 'stdout'
openparen[1:35] => '('
stringlit[1:36] => '\n'
closeparen[1:40] => ')'
do[2:1] => 'do'
identifier[3:5] => 'x'
colon[3:6] => ':'
string[3:8] => 'String'
equal[3:15] => '='
stringlit[3:17] => 'Hello, World!\n'
identifier[3:35] => 'stdout'
openparen[3:41] => '('
identifier[3:42] => 'x'
closeparen[3:43] => ')'
identifier[4:5] => 'x'
colon[4:6] => ':'
int[4:8] => 'Int'
equal[4:12] => '='
integerlit[4:14] => '100'
identifier[5:5] => 'x'
equal[5:7] => '='
integerlit[5:9] => '200'
identifier[5:13] => 'stdout'
openparen[5:19] => '('
identifier[5:20] => 'itoa'
openparen[5:24] => '('
identifier[5:25] => 'x'
closeparen[5:26] => ')'
closeparen[5:27] => ')'
identifier[5:29] => 'stdout'
openparen[5:35] => '('
stringlit[5:36] => '\n'
closeparen[5:40] => ')'
end[6:1] => 'end'
identifier[7:1] => 'exit'
openparen[7:5] => '('
identifier[7:6] => 'x'
closeparen[7:7] => ')'
eof[8:1] => 'EOF'