fn[1:1] => 'fn'
identifier[1:4] => 'print'
openparen[1:9] => '('
identifier[1:10] => 'str'
colon[1:13] => ':'
string[1:15] => 'String'
comma[1:21] => ','
identifier[1:23] => 'expr'
colon[1:27] => ':'
bool[1:29] => 'Bool'
closeparen[1:33] => ')'
minus[1:35] => '-'
greater[1:36] => '>'
void[1:38] => 'Void'
do[1:43] => 'do'
identifier[2:5] => 'stdout'
openparen[2:11] => '('
identifier[2:12] => 'str'
closeparen[2:15] => ')'
identifier[2:17] => 'stdout'
openparen[2:23] => '('
stringlit[2:24] => ': '
closeparen[2:28] => ')'
identifier[2:30] => 'stdout'
openparen[2:36] => '('
identifier[2:37] => 'btoa'
openparen[2:41] => '('
identifier[2:42] => 'expr'
closeparen[2:46] => ')'
closeparen[2:47] => ')'
identifier[2:49] => 'stdout'
openparen[2:55] => '('
stringlit[2:56] => '\n'
closeparen[2:60] => ')'
end[3:1] => 'end'
identifier[5:1] => 'print'
openparen[5:6] => '('
stringlit[5:7] => 'true or false'
comma[5:22] => ','
booltrue[5:24] => 'true'
or[5:29] => 'or'
boolfalse[5:32] => 'false'
closeparen[5:37] => ')'
identifier[6:1] => 'print'
openparen[6:6] => '('
stringlit[6:7] => 'false or false'
comma[6:23] => ','
boolfalse[6:25] => 'false'
or[6:31] => 'or'
boolfalse[6:34] => 'false'
closeparen[6:39] => ')'
identifier[7:1] => 'print'
openparen[7:6] => '('
stringlit[7:7] => 'false or true'
comma[7:22] => ','
boolfalse[7:24] => 'false'
or[7:30] => 'or'
booltrue[7:33] => 'true'
closeparen[7:37] => ')'
identifier[8:1] => 'print'
openparen[8:6] => '('
stringlit[8:7] => 'true or true'
comma[8:21] => ','
booltrue[8:23] => 'true'
or[8:28] => 'or'
booltrue[8:31] => 'true'
closeparen[8:35] => ')'
identifier[9:1] => 'stdout'
openparen[9:7] => '('
stringlit[9:8] => '======================\n'
closeparen[9:34] => ')'
identifier[10:1] => 'print'
openparen[10:6] => '('
stringlit[10:7] => 'true and false'
comma[10:23] => ','
booltrue[10:25] => 'true'
and[10:30] => 'and'
boolfalse[10:34] => 'false'
closeparen[10:39] => ')'
identifier[11:1] => 'print'
openparen[11:6] => '('
stringlit[11:7] => 'false and false'
comma[11:24] => ','
boolfalse[11:26] => 'false'
and[11:32] => 'and'
boolfalse[11:36] => 'false'
closeparen[11:41] => ')'
identifier[12:1] => 'print'
openparen[12:6] => '('
stringlit[12:7] => 'false and true'
comma[12:23] => ','
boolfalse[12:25] => 'false'
and[12:31] => 'and'
booltrue[12:35] => 'true'
closeparen[12:39] => ')'
identifier[13:1] => 'print'
openparen[13:6] => '('
stringlit[13:7] => 'true and true'
comma[13:22] => ','
booltrue[13:24] => 'true'
and[13:29] => 'and'
booltrue[13:33] => 'true'
closeparen[13:37] => ')'
eof[14:1] => 'EOF'