identifier[1:1] => 'nums'
colon[1:5] => ':'
openbracket[1:7] => '['
int[1:8] => 'Int'
closebracket[1:11] => ']'
equal[1:13] => '='
openbracket[1:15] => '['
integerlit[1:16] => '1'
comma[1:17] => ','
integerlit[1:19] => '2'
comma[1:20] => ','
integerlit[1:22] => '3'
closebracket[1:23] => ']'
identifier[2:1] => 'stdout'
openparen[2:7] => '('
identifier[2:8] => 'itoa'
openparen[2:12] => '('
identifier[2:13] => 'nums'
dot[2:17] => '.'
identifier[2:18] => 'len'
openparen[2:21] => '('
closeparen[2:22] => ')'
closeparen[2:23] => ')'
closeparen[2:24] => ')'
identifier[2:26] => 'stdout'
openparen[2:32] => '('
stringlit[2:33] => '\n'
closeparen[2:37] => ')'
identifier[4:1] => 'strings'
colon[4:8] => ':'
openbracket[4:10] => '['
string[4:11] => 'String'
closebracket[4:17] => ']'
equal[4:19] => '='
openbracket[4:21] => '['
closebracket[4:22] => ']'
identifier[5:1] => 'stdout'
openparen[5:7] => '('
identifier[5:8] => 'itoa'
openparen[5:12] => '('
identifier[5:13] => 'strings'
dot[5:20] => '.'
identifier[5:21] => 'len'
openparen[5:24] => '('
closeparen[5:25] => ')'
closeparen[5:26] => ')'
closeparen[5:27] => ')'
identifier[5:29] => 'stdout'
openparen[5:35] => '('
stringlit[5:36] => '\n'
closeparen[5:40] => ')'
identifier[6:1] => 'strings'
dot[6:8] => '.'
identifier[6:9] => 'append'
openparen[6:15] => '('
stringlit[6:16] => 'Hello, World'
closeparen[6:30] => ')'
identifier[7:1] => 'strings'
dot[7:8] => '.'
identifier[7:9] => 'append'
openparen[7:15] => '('
stringlit[7:16] => 'Hello, World'
closeparen[7:30] => ')'
identifier[8:1] => 'strings'
dot[8:8] => '.'
identifier[8:9] => 'append'
openparen[8:15] => '('
stringlit[8:16] => 'Hello, World'
closeparen[8:30] => ')'
identifier[9:1] => 'strings'
dot[9:8] => '.'
identifier[9:9] => 'append'
openparen[9:15] => '('
stringlit[9:16] => 'Hello, World'
closeparen[9:30] => ')'
identifier[10:1] => 'stdout'
openparen[10:7] => '('
identifier[10:8] => 'itoa'
openparen[10:12] => '('
identifier[10:13] => 'strings'
dot[10:20] => '.'
identifier[10:21] => 'len'
openparen[10:24] => '('
closeparen[10:25] => ')'
closeparen[10:26] => ')'
closeparen[10:27] => ')'
identifier[10:29] => 'stdout'
openparen[10:35] => '('
stringlit[10:36] => '\n'
closeparen[10:40] => ')'
eof[11:1] => 'EOF'