identifier[1:1] => 'nums'
colon[1:5] => ':'
openbracket[1:7] => '['
int[1:8] => 'Int'
closebracket[1:11] => ']'
equal[1:13] => '='
openbracket[1:15] => '['
closebracket[1:16] => ']'
identifier[2:1] => 'bools'
colon[2:6] => ':'
openbracket[2:8] => '['
bool[2:9] => 'Bool'
closebracket[2:13] => ']'
equal[2:15] => '='
openbracket[2:17] => '['
closebracket[2:18] => ']'
identifier[3:1] => 'strings'
colon[3:8] => ':'
openbracket[3:10] => '['
string[3:11] => 'String'
closebracket[3:17] => ']'
equal[3:19] => '='
openbracket[3:21] => '['
closebracket[3:22] => ']'
for[5:1] => 'for'
identifier[5:5] => 'i'
in[5:7] => 'in'
integerlit[5:10] => '1'
dot[5:11] => '.'
dot[5:12] => '.'
equal[5:13] => '='
integerlit[5:14] => '10'
do[5:17] => 'do'
identifier[6:5] => 'nums'
dot[6:9] => '.'
identifier[6:10] => 'append'
openparen[6:16] => '('
identifier[6:17] => 'i'
star[6:19] => '*'
integerlit[6:21] => '2'
closeparen[6:22] => ')'
if[7:5] => 'if'
identifier[7:8] => 'i'
percent[7:10] => '%'
integerlit[7:12] => '2'
equalequal[7:14] => '=='
integerlit[7:17] => '0'
then[7:19] => 'then'
identifier[8:9] => 'bools'
dot[8:14] => '.'
identifier[8:15] => 'append'
openparen[8:21] => '('
booltrue[8:22] => 'true'
closeparen[8:26] => ')'
else[9:5] => 'else'
identifier[10:9] => 'bools'
dot[10:14] => '.'
identifier[10:15] => 'append'
openparen[10:21] => '('
boolfalse[10:22] => 'false'
closeparen[10:27] => ')'
end[11:5] => 'end'
identifier[12:5] => 'strings'
dot[12:12] => '.'
identifier[12:13] => 'append'
openparen[12:19] => '('
stringlit[12:20] => 'hi'
closeparen[12:24] => ')'
end[13:1] => 'end'
for[15:1] => 'for'
identifier[15:5] => 'i'
in[15:7] => 'in'
integerlit[15:10] => '0'
dot[15:11] => '.'
dot[15:12] => '.'
integerlit[15:13] => '10'
do[15:16] => 'do'
identifier[16:5] => 'stdout'
openparen[16:11] => '('
identifier[16:12] => 'itoa'
openparen[16:16] => '('
identifier[16:17] => 'nums'
openbracket[16:21] => '['
identifier[16:22] => 'i'
closebracket[16:23] => ']'
closeparen[16:24] => ')'
closeparen[16:25] => ')'
identifier[16:27] => 'stdout'
openparen[16:33] => '('
stringlit[16:34] => ' '
closeparen[16:37] => ')'
identifier[17:5] => 'stdout'
openparen[17:11] => '('
identifier[17:12] => 'btoa'
openparen[17:16] => '('
identifier[17:17] => 'bools'
openbracket[17:22] => '['
identifier[17:23] => 'i'
closebracket[17:24] => ']'
closeparen[17:25] => ')'
closeparen[17:26] => ')'
identifier[17:28] => 'stdout'
openparen[17:34] => '('
stringlit[17:35] => ' '
closeparen[17:38] => ')'
identifier[18:5] => 'stdout'
openparen[18:11] => '('
identifier[18:12] => 'strings'
openbracket[18:19] => '['
identifier[18:20] => 'i'
closebracket[18:21] => ']'
closeparen[18:22] => ')'
identifier[18:24] => 'stdout'
openparen[18:30] => '('
stringlit[18:31] => '\n'
closeparen[18:35] => ')'
end[19:1] => 'end'
eof[20:1] => 'EOF'