fn[1:1] => 'fn'
identifier[1:4] => 'd'
openparen[1:5] => '('
identifier[1:6] => 'z'
colon[1:7] => ':'
openbracket[1:9] => '['
int[1:10] => 'Int'
closebracket[1:13] => ']'
closeparen[1:14] => ')'
do[1:16] => 'do'
identifier[2:5] => 'exit'
openparen[2:9] => '('
identifier[2:10] => 'z'
openbracket[2:11] => '['
integerlit[2:12] => '0'
closebracket[2:13] => ']'
closeparen[2:14] => ')'
end[3:1] => 'end'
fn[5:1] => 'fn'
identifier[5:4] => 'c'
openparen[5:5] => '('
identifier[5:6] => 'y'
colon[5:7] => ':'
openbracket[5:9] => '['
int[5:10] => 'Int'
closebracket[5:13] => ']'
closeparen[5:14] => ')'
do[5:16] => 'do'
identifier[6:5] => 'd'
openparen[6:6] => '('
identifier[6:7] => 'y'
closeparen[6:8] => ')'
end[7:1] => 'end'
fn[9:1] => 'fn'
identifier[9:4] => 'b'
openparen[9:5] => '('
identifier[9:6] => 'x'
colon[9:7] => ':'
openbracket[9:9] => '['
int[9:10] => 'Int'
closebracket[9:13] => ']'
closeparen[9:14] => ')'
do[9:16] => 'do'
identifier[10:5] => 'c'
openparen[10:6] => '('
identifier[10:7] => 'x'
closeparen[10:8] => ')'
end[11:1] => 'end'
fn[13:1] => 'fn'
identifier[13:4] => 'a'
openparen[13:5] => '('
identifier[13:6] => 'w'
colon[13:7] => ':'
openbracket[13:9] => '['
int[13:10] => 'Int'
closebracket[13:13] => ']'
closeparen[13:14] => ')'
do[13:16] => 'do'
identifier[14:5] => 'b'
openparen[14:6] => '('
identifier[14:7] => 'w'
closeparen[14:8] => ')'
end[15:1] => 'end'
identifier[17:1] => 'v'
colon[17:2] => ':'
openbracket[17:4] => '['
int[17:5] => 'Int'
closebracket[17:8] => ']'
equal[17:10] => '='
openbracket[17:12] => '['
integerlit[17:13] => '10'
closebracket[17:15] => ']'
identifier[18:1] => 'a'
openparen[18:2] => '('
identifier[18:3] => 'v'
closeparen[18:4] => ')'
eof[19:1] => 'EOF'