identifier[1:1] => 'list'
colon[1:5] => ':'
openbracket[1:7] => '['
int[1:8] => 'Int'
closebracket[1:11] => ']'
equal[1:13] => '='
openbracket[1:15] => '['
closebracket[1:16] => ']'
for[3:1] => 'for'
identifier[3:5] => 'i'
in[3:7] => 'in'
integerlit[3:10] => '1'
dot[3:11] => '.'
dot[3:12] => '.'
equal[3:13] => '='
integerlit[3:14] => '10'
do[3:17] => 'do'
identifier[4:5] => 'list'
dot[4:9] => '.'
identifier[4:10] => 'append'
openparen[4:16] => '('
identifier[4:17] => 'i'
star[4:19] => '*'
integerlit[4:21] => '2'
closeparen[4:22] => ')'
end[5:1] => 'end'
for[7:1] => 'for'
identifier[7:5] => 'i'
in[7:7] => 'in'
integerlit[7:10] => '0'
dot[7:11] => '.'
dot[7:12] => '.'
integerlit[7:13] => '10'
do[7:16] => 'do'
identifier[8:5] => 'stdout'
openparen[8:11] => '('
identifier[8:12] => 'itoa'
openparen[8:16] => '('
identifier[8:17] => 'list'
openbracket[8:21] => '['
identifier[8:22] => 'i'
closebracket[8:23] => ']'
closeparen[8:24] => ')'
closeparen[8:25] => ')'
identifier[8:27] => 'stdout'
openparen[8:33] => '('
stringlit[8:34] => ' '
closeparen[8:37] => ')'
end[9:1] => 'end'
eof[10:1] => 'EOF'