identifier[1:1] => 'x'
colon[1:2] => ':'
openbracket[1:4] => '['
int[1:5] => 'Int'
closebracket[1:8] => ']'
equal[1:10] => '='
openbracket[1:12] => '['
integerlit[1:13] => '1'
comma[1:14] => ','
integerlit[1:16] => '2'
comma[1:17] => ','
integerlit[1:19] => '3'
comma[1:20] => ','
integerlit[1:22] => '4'
comma[1:23] => ','
integerlit[1:25] => '5'
closebracket[1:26] => ']'
identifier[2:1] => 'x'
openbracket[2:2] => '['
integerlit[2:3] => '4'
closebracket[2:4] => ']'
equal[2:6] => '='
integerlit[2:8] => '10'
identifier[3:1] => 'exit'
openparen[3:5] => '('
identifier[3:6] => 'x'
openbracket[3:7] => '['
integerlit[3:8] => '4'
closebracket[3:9] => ']'
closeparen[3:10] => ')'
eof[4:1] => 'EOF'