identifier[1:1] => 'content'
colon[1:8] => ':'
string[1:10] => 'String'
equal[1:17] => '='
stringlit[1:19] => 'Hello, World!'
identifier[2:1] => 'same'
colon[2:5] => ':'
string[2:7] => 'String'
equal[2:17] => '='
stringlit[2:19] => 'Hello, World!'
identifier[3:1] => 'other'
colon[3:6] => ':'
string[3:8] => 'String'
equal[3:17] => '='
stringlit[3:19] => 'Hello World!'
if[5:1] => 'if'
identifier[5:4] => 'content'
equalequal[5:12] => '=='
identifier[5:15] => 'same'
then[5:20] => 'then'
identifier[5:25] => 'stdout'
openparen[5:31] => '('
stringlit[5:32] => 'SAME\n'
closeparen[5:40] => ')'
end[5:42] => 'end'
if[6:1] => 'if'
identifier[6:4] => 'content'
bangequal[6:12] => '!='
identifier[6:14] => 'same'
then[6:19] => 'then'
identifier[6:24] => 'stdout'
openparen[6:30] => '('
stringlit[6:31] => 'WRONG\n'
closeparen[6:40] => ')'
end[6:42] => 'end'
if[7:1] => 'if'
identifier[7:4] => 'content'
bangequal[7:12] => '!='
identifier[7:14] => 'other'
then[7:20] => 'then'
identifier[7:25] => 'stdout'
openparen[7:31] => '('
stringlit[7:32] => 'NOT SAME\n'
closeparen[7:44] => ')'
end[7:46] => 'end'
if[8:1] => 'if'
identifier[8:4] => 'content'
equalequal[8:12] => '=='
identifier[8:15] => 'other'
then[8:21] => 'then'
identifier[8:26] => 'stdout'
openparen[8:32] => '('
stringlit[8:33] => 'OHOH'
closeparen[8:39] => ')'
end[8:41] => 'end'
identifier[10:1] => 'stdout'
openparen[10:7] => '('
identifier[10:8] => 'btoa'
openparen[10:12] => '('
identifier[10:13] => 'content'
openbracket[10:20] => '['
integerlit[10:21] => '0'
closebracket[10:22] => ']'
equalequal[10:24] => '=='
identifier[10:27] => 'same'
openbracket[10:31] => '['
integerlit[10:32] => '0'
closebracket[10:33] => ']'
closeparen[10:34] => ')'
closeparen[10:35] => ')'
identifier[10:37] => 'stdout'
openparen[10:43] => '('
stringlit[10:44] => '\n'
closeparen[10:48] => ')'
identifier[11:1] => 'stdout'
openparen[11:7] => '('
identifier[11:8] => 'btoa'
openparen[11:12] => '('
identifier[11:13] => 'content'
openbracket[11:20] => '['
integerlit[11:21] => '0'
closebracket[11:22] => ']'
equalequal[11:24] => '=='
identifier[11:27] => 'other'
openbracket[11:32] => '['
integerlit[11:33] => '0'
closebracket[11:34] => ']'
closeparen[11:35] => ')'
closeparen[11:36] => ')'
identifier[11:38] => 'stdout'
openparen[11:44] => '('
stringlit[11:45] => '\n'
closeparen[11:49] => ')'
eof[12:1] => 'EOF'