identifier[1:1] => 'str'
colon[1:4] => ':'
string[1:6] => 'String'
equal[1:13] => '='
stringlit[1:15] => 'Hello, World!\n'
identifier[2:1] => 'hello'
colon[2:6] => ':'
string[2:8] => 'String'
equal[2:15] => '='
identifier[2:17] => 'str'
openbracket[2:20] => '['
integerlit[2:21] => '0'
dot[2:22] => '.'
dot[2:23] => '.'
integerlit[2:24] => '5'
closebracket[2:25] => ']'
identifier[3:1] => 'world'
colon[3:6] => ':'
string[3:8] => 'String'
equal[3:15] => '='
identifier[3:17] => 'str'
openbracket[3:20] => '['
integerlit[3:21] => '7'
dot[3:22] => '.'
dot[3:23] => '.'
equal[3:24] => '='
integerlit[3:25] => '12'
closebracket[3:27] => ']'
identifier[4:1] => 'stdout'
openparen[4:7] => '('
identifier[4:8] => 'hello'
closeparen[4:13] => ')'
identifier[4:15] => 'stdout'
openparen[4:21] => '('
stringlit[4:22] => '\n'
closeparen[4:26] => ')'
identifier[5:1] => 'stdout'
openparen[5:7] => '('
identifier[5:8] => 'world'
closeparen[5:13] => ')'
identifier[5:15] => 'stdout'
openparen[5:21] => '('
stringlit[5:22] => '\n'
closeparen[5:26] => ')'
eof[6:1] => 'EOF'