identifier[1:1] => 'stdout'
openparen[1:7] => '('
stringlit[1:8] => 'Hello, World!\n'
closeparen[1:25] => ')'
identifier[2:1] => 'stdout'
openparen[2:7] => '('
stringlit[2:8] => 'Hello, World!\n'
closeparen[2:25] => ')'
identifier[3:1] => 'stdout'
openparen[3:7] => '('
stringlit[3:8] => 'Hello, World!\n'
closeparen[3:25] => ')'
identifier[4:1] => 'stdout'
openparen[4:7] => '('
stringlit[4:8] => 'Hello, World!\n'
closeparen[4:25] => ')'
identifier[5:1] => 'stderr'
openparen[5:7] => '('
stringlit[5:8] => 'Hello, World!\n'
closeparen[5:25] => ')'
identifier[6:1] => 'stderr'
openparen[6:7] => '('
stringlit[6:8] => 'Hello, World!\n'
closeparen[6:25] => ')'
identifier[7:1] => 'stderr'
openparen[7:7] => '('
stringlit[7:8] => 'Hello, World!\n'
closeparen[7:25] => ')'
eof[8:1] => 'EOF'