fn[1:1] => 'fn'
identifier[1:4] => 'myexit'
openparen[1:10] => '('
identifier[1:11] => 'exit_code'
colon[1:20] => ':'
int[1:22] => 'Int'
closeparen[1:25] => ')'
minus[1:27] => '-'
greater[1:28] => '>'
void[1:30] => 'Void'
do[1:35] => 'do'
identifier[2:5] => 'exit'
openparen[2:9] => '('
identifier[2:10] => 'exit_code'
closeparen[2:19] => ')'
end[3:1] => 'end'
identifier[5:1] => 'x'
colon[5:2] => ':'
int[5:4] => 'Int'
equal[5:8] => '='
integerlit[5:10] => '12'
identifier[6:1] => 'x'
equal[6:3] => '='
integerlit[6:5] => '13'
identifier[7:1] => 'myexit'
openparen[7:7] => '('
stringlit[7:8] => 'Hello, World!'
closeparen[7:23] => ')'
eof[8:1] => 'EOF'