fn[1:1] => 'fn'
identifier[1:4] => 'min'
openparen[1:7] => '('
identifier[1:8] => 'a'
colon[1:9] => ':'
int[1:11] => 'Int'
comma[1:14] => ','
identifier[1:16] => 'b'
colon[1:17] => ':'
int[1:19] => 'Int'
closeparen[1:22] => ')'
minus[1:24] => '-'
greater[1:25] => '>'
int[1:27] => 'Int'
do[1:31] => 'do'
if[2:5] => 'if'
identifier[2:8] => 'a'
greater[2:10] => '>'
identifier[2:12] => 'b'
then[2:14] => 'then'
return[2:19] => 'return'
identifier[2:26] => 'b'
else[2:28] => 'else'
return[2:33] => 'return'
identifier[2:40] => 'a'
end[2:42] => 'end'
end[3:1] => 'end'
fn[5:1] => 'fn'
identifier[5:4] => 'zip'
openparen[5:7] => '('
identifier[5:8] => 'a'
colon[5:9] => ':'
openbracket[5:11] => '['
int[5:12] => 'Int'
closebracket[5:15] => ']'
comma[5:16] => ','
identifier[5:18] => 'b'
colon[5:19] => ':'
openbracket[5:21] => '['
int[5:22] => 'Int'
closebracket[5:25] => ']'
closeparen[5:26] => ')'
minus[5:28] => '-'
greater[5:29] => '>'
openbracket[5:31] => '['
int[5:32] => 'Int'
closebracket[5:35] => ']'
do[5:37] => 'do'
identifier[6:5] => 'new'
colon[6:8] => ':'
openbracket[6:10] => '['
int[6:11] => 'Int'
closebracket[6:14] => ']'
equal[6:16] => '='
openbracket[6:18] => '['
closebracket[6:19] => ']'
for[7:5] => 'for'
identifier[7:9] => 'i'
in[7:11] => 'in'
integerlit[7:14] => '0'
dot[7:15] => '.'
dot[7:16] => '.'
identifier[7:17] => 'min'
openparen[7:20] => '('
identifier[7:21] => 'a'
dot[7:22] => '.'
identifier[7:23] => 'len'
openparen[7:26] => '('
closeparen[7:27] => ')'
comma[7:28] => ','
identifier[7:30] => 'b'
dot[7:31] => '.'
identifier[7:32] => 'len'
openparen[7:35] => '('
closeparen[7:36] => ')'
closeparen[7:37] => ')'
do[7:39] => 'do'
identifier[8:9] => 'new'
dot[8:12] => '.'
identifier[8:13] => 'append'
openparen[8:19] => '('
identifier[8:20] => 'a'
openbracket[8:21] => '['
identifier[8:22] => 'i'
closebracket[8:23] => ']'
closeparen[8:24] => ')'
identifier[9:9] => 'new'
dot[9:12] => '.'
identifier[9:13] => 'append'
openparen[9:19] => '('
identifier[9:20] => 'b'
openbracket[9:21] => '['
identifier[9:22] => 'i'
closebracket[9:23] => ']'
closeparen[9:24] => ')'
end[10:5] => 'end'
return[11:5] => 'return'
identifier[11:12] => 'new'
end[12:1] => 'end'
identifier[14:1] => 'a'
colon[14:2] => ':'
openbracket[14:4] => '['
int[14:5] => 'Int'
closebracket[14:8] => ']'
equal[14:10] => '='
openbracket[14:12] => '['
integerlit[14:13] => '1'
comma[14:14] => ','
integerlit[14:16] => '2'
comma[14:17] => ','
integerlit[14:19] => '3'
closebracket[14:20] => ']'
identifier[15:1] => 'b'
colon[15:2] => ':'
openbracket[15:4] => '['
int[15:5] => 'Int'
closebracket[15:8] => ']'
equal[15:10] => '='
openbracket[15:12] => '['
integerlit[15:13] => '10'
comma[15:15] => ','
integerlit[15:17] => '20'
comma[15:19] => ','
integerlit[15:21] => '30'
comma[15:23] => ','
integerlit[15:25] => '40'
closebracket[15:27] => ']'
identifier[16:1] => 'res'
colon[16:4] => ':'
openbracket[16:6] => '['
int[16:7] => 'Int'
closebracket[16:10] => ']'
equal[16:12] => '='
identifier[16:14] => 'zip'
openparen[16:17] => '('
identifier[16:18] => 'a'
comma[16:19] => ','
identifier[16:21] => 'b'
closeparen[16:22] => ')'
for[18:1] => 'for'
identifier[18:5] => 'i'
in[18:7] => 'in'
integerlit[18:10] => '0'
dot[18:11] => '.'
dot[18:12] => '.'
identifier[18:13] => 'res'
dot[18:16] => '.'
identifier[18:17] => 'len'
openparen[18:20] => '('
closeparen[18:21] => ')'
do[18:23] => 'do'
identifier[19:5] => 'stdout'
openparen[19:11] => '('
identifier[19:12] => 'itoa'
openparen[19:16] => '('
identifier[19:17] => 'res'
openbracket[19:20] => '['
identifier[19:21] => 'i'
closebracket[19:22] => ']'
closeparen[19:23] => ')'
closeparen[19:24] => ')'
identifier[19:26] => 'stdout'
openparen[19:32] => '('
stringlit[19:33] => ' '
closeparen[19:36] => ')'
end[20:1] => 'end'
eof[21:1] => 'EOF'